Archive member included because of file (symbol)

/usr/lib/gcc/avr/4.8.2/../../../../avr/lib/avr51/libprintf_min.a(vfprintf_min.o)
                              (vfprintf)
/usr/lib/gcc/avr/4.8.2/avr51/libgcc.a(_muluhisi3.o)
                              ../../../..//src/radio/rf231_soc/source/basic_rf.o (__muluhisi3)
/usr/lib/gcc/avr/4.8.2/avr51/libgcc.a(_mulsi3.o)
                              ../../../..//src/kernel/source/nrk_time.o (__mulsi3)
/usr/lib/gcc/avr/4.8.2/avr51/libgcc.a(_udivmodsi4.o)
                              ../../../..//src/kernel/source/nrk_time.o (__udivmodsi4)
/usr/lib/gcc/avr/4.8.2/avr51/libgcc.a(_udivdi3.o)
                              ../../../..//src/kernel/source/nrk_time.o (__udivdi3)
/usr/lib/gcc/avr/4.8.2/avr51/libgcc.a(_udivmod64.o)
                              /usr/lib/gcc/avr/4.8.2/avr51/libgcc.a(_udivdi3.o) (__udivmod64)
/usr/lib/gcc/avr/4.8.2/avr51/libgcc.a(_exit.o)
                              /usr/lib/gcc/avr/4.8.2/../../../../avr/lib/avr51/crtm128rfa1.o (exit)
/usr/lib/gcc/avr/4.8.2/avr51/libgcc.a(_tablejump.o)
                              ../../../..//src/platform/firefly3/source/ulib.o (__tablejump2__)
/usr/lib/gcc/avr/4.8.2/avr51/libgcc.a(_copy_data.o)
                              main.o (__do_copy_data)
/usr/lib/gcc/avr/4.8.2/avr51/libgcc.a(_clear_bss.o)
                              main.o (__do_clear_bss)
/usr/lib/gcc/avr/4.8.2/avr51/libgcc.a(_adddi3.o)
                              ../../../..//src/kernel/source/nrk_time.o (__adddi3)
/usr/lib/gcc/avr/4.8.2/avr51/libgcc.a(_umulhisi3.o)
                              /usr/lib/gcc/avr/4.8.2/avr51/libgcc.a(_muluhisi3.o) (__umulhisi3)
/usr/lib/gcc/avr/4.8.2/../../../../avr/lib/avr51/libc.a(strchr_P.o)
                              /usr/lib/gcc/avr/4.8.2/../../../../avr/lib/avr51/libprintf_min.a(vfprintf_min.o) (strchr_P)
/usr/lib/gcc/avr/4.8.2/../../../../avr/lib/avr51/libc.a(memcpy.o)
                              ../../../..//src/radio/rf231_soc/source/basic_rf.o (memcpy)
/usr/lib/gcc/avr/4.8.2/../../../../avr/lib/avr51/libc.a(fdevopen.o)
                              ../../../..//src/platform/firefly3/source/ulib.o (fdevopen)
/usr/lib/gcc/avr/4.8.2/../../../../avr/lib/avr51/libc.a(fputc.o)
                              ../../../..//src/platform/firefly3/source/ulib.o (fputc)
/usr/lib/gcc/avr/4.8.2/../../../../avr/lib/avr51/libc.a(iob.o)
                              ../../../..//src/platform/firefly3/source/ulib.o (__iob)
/usr/lib/gcc/avr/4.8.2/../../../../avr/lib/avr51/libc.a(printf.o)
                              main.o (printf)
/usr/lib/gcc/avr/4.8.2/../../../../avr/lib/avr51/libc.a(putchar.o)
                              main.o (putchar)
/usr/lib/gcc/avr/4.8.2/../../../../avr/lib/avr51/libc.a(puts.o)
                              main.o (puts)
/usr/lib/gcc/avr/4.8.2/../../../../avr/lib/avr51/libc.a(sprintf.o)
                              ../../../..//src/kernel/source/nrk_error.o (sprintf)
/usr/lib/gcc/avr/4.8.2/../../../../avr/lib/avr51/libc.a(ultoa_invert.o)
                              /usr/lib/gcc/avr/4.8.2/../../../../avr/lib/avr51/libprintf_min.a(vfprintf_min.o) (__ultoa_invert)
/usr/lib/gcc/avr/4.8.2/../../../../avr/lib/avr51/libc.a(eerd_byte_atmega128rfa1.o)
                              ../../../..//src/platform/firefly3/source/nrk_eeprom.o (__eerd_byte_m128rfa1)
/usr/lib/gcc/avr/4.8.2/../../../../avr/lib/avr51/libc.a(eewr_byte_atmega128rfa1.o)
                              ../../../..//src/platform/firefly3/source/nrk_eeprom.o (__eewr_byte_m128rfa1)
/usr/lib/gcc/avr/4.8.2/../../../../avr/lib/avr51/libc.a(calloc.o)
                              /usr/lib/gcc/avr/4.8.2/../../../../avr/lib/avr51/libc.a(fdevopen.o) (calloc)
/usr/lib/gcc/avr/4.8.2/../../../../avr/lib/avr51/libc.a(malloc.o)
                              /usr/lib/gcc/avr/4.8.2/../../../../avr/lib/avr51/libc.a(calloc.o) (malloc)
/usr/lib/gcc/avr/4.8.2/../../../../avr/lib/avr51/libc.a(memset.o)
                              /usr/lib/gcc/avr/4.8.2/../../../../avr/lib/avr51/libc.a(calloc.o) (memset)

Allocating common symbols
Common symbol       size              file

rx_ctr              0x4               ../../../..//src/radio/rf231_soc/source/basic_rf.o
t                   0x1               ../../../..//src/kernel/source/nrk_scheduler.o
_free_node          0x2               ../../../..//src/kernel/source/nrk.o
app_timer0_callback
                    0x2               ../../../..//src/radio/rf231_soc/source/basic_rf.o
nrk_task_TCB        0xac              ../../../..//src/kernel/source/nrk.o
next_next_wakeup    0x2               ../../../..//src/kernel/source/nrk.o
ext_int1_callback   0x2               ../../../..//src/kernel/hal/atmega128rfa1/nrk_ext_int.o
radio_sem           0x2               ../../../..//src/radio/rf231_soc/source/basic_rf.o
use_glossy          0x1               ../../../..//src/radio/rf231_soc/source/basic_rf.o
ext_int0_callback   0x2               ../../../..//src/kernel/hal/atmega128rfa1/nrk_ext_int.o
[...]
Memory Configuration

Name             Origin             Length             Attributes
text             0x0000000000000000 0x0000000000020000 xr
data             0x0000000000800100 0x000000000000ff00 rw !x
eeprom           0x0000000000810000 0x0000000000010000 rw !x
fuse             0x0000000000820000 0x0000000000000400 rw !x
lock             0x0000000000830000 0x0000000000000400 rw !x
signature        0x0000000000840000 0x0000000000000400 rw !x
*default*        0x0000000000000000 0xffffffffffffffff

Linker script and memory map

Address of section .data set to 0x800200
LOAD /usr/lib/gcc/avr/4.8.2/../../../../avr/lib/avr51/crtm128rfa1.o
LOAD main.o
LOAD ../../../..//src/radio/rf231_soc/source/basic_rf.o
LOAD ../../../..//src/platform/firefly3/source/ulib.o
LOAD ../../../..//src/platform/firefly3/source/hal_wait.o
LOAD ../../../..//src/platform/firefly3/source/nrk_eeprom.o
LOAD ../../../..//src/kernel/source/nrk.o
LOAD ../../../..//src/kernel/source/nrk_stats.o
LOAD ../../../..//src/kernel/source/nrk_error.o
LOAD ../../../..//src/kernel/source/nrk_stack_check.o
LOAD ../../../..//src/kernel/source/nrk_events.o
LOAD ../../../..//src/kernel/source/nrk_task.o
LOAD ../../../..//src/kernel/source/nrk_time.o
LOAD ../../../..//src/kernel/source/nrk_idle_task.o
LOAD ../../../..//src/kernel/source/nrk_scheduler.o
LOAD ../../../..//src/kernel/source/nrk_driver.o
LOAD ../../../..//src/kernel/source/nrk_reserve.o
LOAD ../../../..//src/kernel/source/nrk_sw_wdt.o
LOAD ../../../..//src/kernel/hal/atmega128rfa1/nrk_timer.o
LOAD ../../../..//src/kernel/hal/atmega128rfa1/nrk_status.o
LOAD ../../../..//src/kernel/hal/atmega128rfa1/nrk_ext_int.o
LOAD ../../../..//src/kernel/hal/atmega128rfa1/nrk_watchdog.o
LOAD ../../../..//src/kernel/hal/atmega128rfa1/nrk_cpu.o
LOAD ../../../..//src/kernel/hal/atmega128rfa1/atmel_hw_specific.o
LOAD /usr/lib/gcc/avr/4.8.2/../../../../avr/lib/avr51/libprintf_min.a
LOAD /usr/lib/gcc/avr/4.8.2/../../../../avr/lib/avr51/libm.a
START GROUP
LOAD /usr/lib/gcc/avr/4.8.2/avr51/libgcc.a
LOAD /usr/lib/gcc/avr/4.8.2/../../../../avr/lib/avr51/libm.a
LOAD /usr/lib/gcc/avr/4.8.2/../../../../avr/lib/avr51/libc.a
END GROUP

.hash
 *(.hash)

.dynsym
 *(.dynsym)

.dynstr
 *(.dynstr)

.gnu.version
 *(.gnu.version)

.gnu.version_d
 *(.gnu.version_d)

.gnu.version_r
 *(.gnu.version_r)

.rel.init
 *(.rel.init)

.rela.init
 *(.rela.init)

.rel.text
 *(.rel.text)
 *(.rel.text.*)
 *(.rel.gnu.linkonce.t*)

.rela.text
 *(.rela.text)
 *(.rela.text.*)
 *(.rela.gnu.linkonce.t*)

.rel.fini
 *(.rel.fini)

.rela.fini
 *(.rela.fini)

.rel.rodata
 *(.rel.rodata)
 *(.rel.rodata.*)
 *(.rel.gnu.linkonce.r*)

.rela.rodata
 *(.rela.rodata)
 *(.rela.rodata.*)
 *(.rela.gnu.linkonce.r*)

.rel.data
 *(.rel.data)
 *(.rel.data.*)
 *(.rel.gnu.linkonce.d*)

.rela.data
 *(.rela.data)
 *(.rela.data.*)
 *(.rela.gnu.linkonce.d*)

.rel.ctors
 *(.rel.ctors)

.rela.ctors
 *(.rela.ctors)

.rel.dtors
 *(.rel.dtors)

.rela.dtors
 *(.rela.dtors)

.rel.got
 *(.rel.got)

.rela.got
 *(.rela.got)

.rel.bss
 *(.rel.bss)

.rela.bss
 *(.rela.bss)

.rel.plt
 *(.rel.plt)

.rela.plt
 *(.rela.plt)

.text           0x0000000000000000     0x4e48
 *(.vectors)
 .vectors       0x0000000000000000      0x120 /usr/lib/gcc/avr/4.8.2/../../../../avr/lib/avr51/crtm128rfa1.o
                0x0000000000000000                __vectors
 *(.vectors)
 *(.progmem.gcc*)
 .progmem.gcc_sw_table
                0x0000000000000120       0x54 ../../../..//src/platform/firefly3/source/ulib.o
 .progmem.gcc_sw_table
                0x0000000000000174       0x40 ../../../..//src/kernel/source/nrk_error.o
 *(.progmem*)
 .progmem.data  0x00000000000001b4      0x238 ../../../..//src/kernel/source/nrk_error.o
 .progmem.data  0x00000000000003ec        0xf ../../../..//src/kernel/source/nrk_stack_check.o
 .progmem.data  0x00000000000003fb       0x17 /usr/lib/gcc/avr/4.8.2/../../../../avr/lib/avr51/libprintf_min.a(vfprintf_min.o)
                0x0000000000000412                . = ALIGN (0x2)
                0x0000000000000412                __trampolines_start = .
 *(.trampolines)
 .trampolines   0x0000000000000412        0x0 linker stubs
 *(.trampolines*)
                0x0000000000000412                __trampolines_end = .
 *(.jumptables)
 *(.jumptables*)
 *(.lowtext)
 *(.lowtext*)
                0x0000000000000412                __ctors_start = .
 *(.ctors)
                0x0000000000000412                __ctors_end = .
                0x0000000000000412                __dtors_start = .
 *(.dtors)
                0x0000000000000412                __dtors_end = .
 SORT(*)(.ctors)
 SORT(*)(.dtors)
 *(.init0)
 .init0         0x0000000000000412        0x0 /usr/lib/gcc/avr/4.8.2/../../../../avr/lib/avr51/crtm128rfa1.o
                0x0000000000000412                __init
 *(.init0)
 *(.init1)
 *(.init1)
 *(.init2)
 .init2         0x0000000000000412        0xc /usr/lib/gcc/avr/4.8.2/../../../../avr/lib/avr51/crtm128rfa1.o
 *(.init2)
 *(.init3)
 *(.init3)
 *(.init4)
 .init4         0x000000000000041e       0x1a /usr/lib/gcc/avr/4.8.2/avr51/libgcc.a(_copy_data.o)
                0x000000000000041e                __do_copy_data
 .init4         0x0000000000000438       0x10 /usr/lib/gcc/avr/4.8.2/avr51/libgcc.a(_clear_bss.o)
                0x0000000000000438                __do_clear_bss
 *(.init4)
 *(.init5)
 *(.init5)
 *(.init6)
 *(.init6)
 *(.init7)
 *(.init7)
 *(.init8)
 *(.init8)
 *(.init9)
 .init9         0x0000000000000448        0x8 /usr/lib/gcc/avr/4.8.2/../../../../avr/lib/avr51/crtm128rfa1.o
 *(.init9)
 *(.text)
 .text          0x0000000000000450        0x4 /usr/lib/gcc/avr/4.8.2/../../../../avr/lib/avr51/crtm128rfa1.o
                0x0000000000000450                __vector_38
                0x0000000000000450                __vector_22
                0x0000000000000450                __vector_28
                0x0000000000000450                __vector_67
                0x0000000000000450                __vector_71
                0x0000000000000450                __vector_34
                0x0000000000000450                __vector_24
                0x0000000000000450                __vector_12
                0x0000000000000450                __vector_55
                0x0000000000000450                __vector_69
                0x0000000000000450                __vector_46
                0x0000000000000450                __bad_interrupt
                0x0000000000000450                __vector_6
                0x0000000000000450                __vector_31
                0x0000000000000450                __vector_35
                0x0000000000000450                __vector_39
                0x0000000000000450                __vector_23
                0x0000000000000450                __vector_68
                0x0000000000000450                __vector_30
                0x0000000000000450                __vector_45
                0x0000000000000450                __vector_25
                0x0000000000000450                __vector_11
                0x0000000000000450                __vector_54
                0x0000000000000450                __vector_17
                0x0000000000000450                __vector_19
                0x0000000000000450                __vector_56
                0x0000000000000450                __vector_7
                0x0000000000000450                __vector_49
                0x0000000000000450                __vector_41
                0x0000000000000450                __vector_43
                0x0000000000000450                __vector_27
                0x0000000000000450                __vector_5
                0x0000000000000450                __vector_33
                0x0000000000000450                __vector_47
                0x0000000000000450                __vector_52
                0x0000000000000450                __vector_37
                0x0000000000000450                __vector_4
                0x0000000000000450                __vector_44
                0x0000000000000450                __vector_51
                0x0000000000000450                __vector_21
                0x0000000000000450                __vector_66
                0x0000000000000450                __vector_36
                0x0000000000000450                __vector_70
                0x0000000000000450                __vector_29
                0x0000000000000450                __vector_40
                0x0000000000000450                __vector_8
                0x0000000000000450                __vector_26
                0x0000000000000450                __vector_48
                0x0000000000000450                __vector_14
                0x0000000000000450                __vector_53
                0x0000000000000450                __vector_10
                0x0000000000000450                __vector_50
                0x0000000000000450                __vector_16
                0x0000000000000450                __vector_18
                0x0000000000000450                __vector_20
                0x0000000000000450                __vector_42
                0x0000000000000450                __vector_65
 .text          0x0000000000000454        0x0 main.o
 .text          0x0000000000000454      0xae0 ../../../..//src/radio/rf231_soc/source/basic_rf.o
                0x0000000000000464                rf_enable_glossy
                0x000000000000046c                rf_disable_glossy
                0x0000000000000472                rf_power_down
                0x00000000000004be                rf_power_up
                0x00000000000004ea                rf_tx_power
                0x00000000000004fe                rf_addr_decode_enable
                0x000000000000050a                rf_addr_decode_disable
                0x0000000000000516                rf_auto_ack_enable
                0x0000000000000522                rf_auto_ack_disable
                0x000000000000052e                rf_addr_decode_set_my_mac
                0x0000000000000540                rf_set_rx
                0x000000000000055a                rx_start_callback
                0x0000000000000564                rx_end_callback
                0x000000000000056e                rf_init
                0x000000000000064c                rf_rx_on
                0x0000000000000652                rf_polling_rx_on
                0x0000000000000658                rf_rx_off
                0x0000000000000664                rf_tx_packet_repeat
                0x00000000000008d8                rf_tx_packet
                0x00000000000008e0                rf_cca_check
                0x000000000000093c                rf_rx_packet_nonblock
                0x0000000000000a88                __vector_64
                0x0000000000000aa6                __vector_63
                0x0000000000000aca                __vector_62
                0x0000000000000ae8                __vector_61
                0x0000000000000b06                __vector_59
                0x0000000000000b66                __vector_58
                0x0000000000000b84                __vector_57
                0x0000000000000ba2                rf_set_cca_thresh
                0x0000000000000bb6                rf_security_last_pkt_status
                0x0000000000000bba                rf_security_set_ctr_counter
                0x0000000000000bbc                rf_security_set_key
                0x0000000000000bbe                rf_security_disable
                0x0000000000000bc0                rf_tx_tdma_packet
                0x0000000000000bc4                rf_get_sem
                0x0000000000000bce                rf_rx_packet
                0x0000000000000bd2                rf_flush_rx_fifo
                0x0000000000000bd4                rf_busy
                0x0000000000000bd8                rf_rx_check_fifop
                0x0000000000000bdc                rf_rx_check_sfd
                0x0000000000000be0                rf_carrier_on
                0x0000000000000be2                rf_carrier_off
                0x0000000000000be4                rf_test_mode
                0x0000000000000be6                rf_data_mode
                0x0000000000000be8                rf_rx_set_serial
                0x0000000000000bea                rf_tx_set_serial
                0x0000000000000bec                rf_set_preamble_length
                0x0000000000000bee                rf_set_cca_mode
                0x0000000000000bf0                rf_cc2591_tx_on
                0x0000000000000c0c                rf_cc2591_rx_on
                0x0000000000000c28                rf_glossy_interrupt
                0x0000000000000d04                __vector_60
                0x0000000000000d9c                aes_setkey
                0x0000000000000de0                aes_encrypt
                0x0000000000000e7c                aes_decrypt
 .text          0x0000000000000f34      0x726 ../../../..//src/platform/firefly3/source/ulib.o
                0x0000000000000f34                getc0
                0x0000000000000f4c                putc0
                0x0000000000000f64                nrk_uart_rx_signal_get
                0x0000000000000f68                nrk_uart_data_ready
                0x0000000000000f86                nrk_kprintf
                0x0000000000000fb0                PORT_INIT
                0x0000000000000fc4                nrk_setup_ports
                0x0000000000000fc8                nrk_gpio_set
                0x000000000000108a                nrk_gpio_clr
                0x0000000000001142                nrk_gpio_get
                0x0000000000001192                nrk_gpio_toggle
                0x000000000000137a                nrk_gpio_direction
                0x0000000000001500                nrk_get_button
                0x0000000000001514                nrk_led_toggle
                0x0000000000001542                nrk_led_clr
                0x0000000000001570                nrk_led_set
                0x000000000000159e                nrk_gpio_pullups
                0x00000000000015b2                putc1
                0x00000000000015c0                setup_uart0
                0x00000000000015ea                setup_uart1
                0x0000000000001614                nrk_setup_uart
                0x0000000000001642                getc1
 .text          0x000000000000165a       0x10 ../../../..//src/platform/firefly3/source/hal_wait.o
                0x000000000000165a                halWait
 .text          0x000000000000166a      0x134 ../../../..//src/platform/firefly3/source/nrk_eeprom.o
                0x000000000000166a                nrk_eeprom_read_byte
                0x000000000000166e                nrk_eeprom_write_byte
                0x0000000000001674                read_eeprom_mac_address
                0x00000000000016da                read_eeprom_channel
                0x00000000000016f2                write_eeprom_load_img_pages
                0x0000000000001702                read_eeprom_load_img_pages
                0x000000000000171a                read_eeprom_aes_key
                0x0000000000001748                write_eeprom_aes_key
                0x0000000000001776                read_eeprom_current_image_checksum
                0x000000000000178e                write_eeprom_current_image_checksum
 .text          0x000000000000179e      0x3a4 ../../../..//src/kernel/source/nrk.o
                0x000000000000179e                nrk_int_disable
                0x00000000000017a2                nrk_int_enable
                0x00000000000017a6                nrk_halt
                0x00000000000017ac                nrk_init
                0x000000000000191c                nrk_start
                0x0000000000001996                nrk_TCB_init
                0x0000000000001b38                _nrk_timer_tick
                0x0000000000001b3c                nrk_version
 .text          0x0000000000001b42        0x0 ../../../..//src/kernel/source/nrk_stats.o
 .text          0x0000000000001b42      0x3e2 ../../../..//src/kernel/source/nrk_error.o
                0x0000000000001b42                _nrk_errno_set
                0x0000000000001b4e                nrk_errno_get
                0x0000000000001b5a                nrk_error_get
                0x0000000000001b76                pause
                0x0000000000001ba0                blink_dash
                0x0000000000001bc0                blink_dot
                0x0000000000001bd8                blink_morse_code_error
                0x0000000000001cf6                nrk_error_print
                0x0000000000001e98                nrk_error_add
                0x0000000000001eae                nrk_kernel_error_add
 .text          0x0000000000001f24      0x1d8 ../../../..//src/kernel/source/nrk_stack_check.o
                0x0000000000001f24                dump_stack_info
                0x000000000000207e                nrk_stack_check
                0x00000000000020c8                nrk_stack_check_pid
 .text          0x00000000000020fc      0x61e ../../../..//src/kernel/source/nrk_events.o
                0x00000000000020fc                nrk_signal_create
                0x000000000000216e                nrk_signal_get_registered_mask
                0x0000000000002180                nrk_signal_delete
                0x00000000000022ac                nrk_signal_unregister
                0x0000000000002326                nrk_signal_register
                0x0000000000002388                nrk_event_signal
                0x0000000000002472                nrk_event_wait
                0x00000000000024e8                nrk_sem_create
                0x00000000000024ee                nrk_get_resource_index
                0x00000000000024fe                nrk_sem_query
                0x0000000000002530                nrk_sem_pend
                0x00000000000025ea                nrk_sem_post
                0x00000000000026c8                nrk_sem_delete
 .text          0x000000000000271a      0x690 ../../../..//src/kernel/source/nrk_task.o
                0x000000000000271a                nrk_get_high_ready_task_ID
                0x0000000000002726                nrk_print_readyQ
                0x000000000000273c                nrk_add_to_readyQ
                0x0000000000002880                nrk_rem_from_readyQ
                0x0000000000002920                nrk_activate_task
                0x00000000000029b6                nrk_set_next_wakeup
                0x0000000000002a30                _nrk_wait_for_scheduler
                0x0000000000002a44                nrk_wait_until_next_period
                0x0000000000002a9c                nrk_terminate_task
                0x0000000000002abe                nrk_wait_until_next_n_periods
                0x0000000000002b20                nrk_wait_ticks
                0x0000000000002b98                nrk_wait_until_ticks
                0x0000000000002bf8                nrk_wait_until_nw
                0x0000000000002c46                nrk_wait
                0x0000000000002cf2                nrk_wait_until
                0x0000000000002d9e                nrk_get_pid
 .text          0x0000000000002daa      0x642 ../../../..//src/kernel/source/nrk_time.o
                0x0000000000002daa                nrk_time_get
                0x0000000000002e62                nrk_time_sub
                0x0000000000002f7e                nrk_time_compact_nanos
                0x0000000000002fc2                nrk_time_add
                0x0000000000003078                nrk_time_set
                0x000000000000309a                _nrk_time_to_ticks
                0x0000000000003210                _nrk_ticks_to_time
                0x0000000000003286                _nrk_time_to_ticks_long
 .text          0x00000000000033ec       0x34 ../../../..//src/kernel/source/nrk_idle_task.o
                0x00000000000033ec                nrk_idle_task
 .text          0x0000000000003420      0x5d8 ../../../..//src/kernel/source/nrk_scheduler.o
                0x0000000000003420                _nrk_scheduler
 .text          0x00000000000039f8        0x0 ../../../..//src/kernel/source/nrk_driver.o
 .text          0x00000000000039f8        0x0 ../../../..//src/kernel/source/nrk_reserve.o
 .text          0x00000000000039f8        0x0 ../../../..//src/kernel/source/nrk_sw_wdt.o
 .text          0x00000000000039f8      0x396 ../../../..//src/kernel/hal/atmega128rfa1/nrk_timer.o
                0x00000000000039f8                nrk_spin_wait_us
                0x0000000000003a18                _nrk_precision_os_timer_stop
                0x0000000000003a1e                _nrk_precision_os_timer_start
                0x0000000000003a32                _nrk_precision_os_timer_reset
                0x0000000000003a3c                _nrk_precision_os_timer_get
                0x0000000000003a60                _nrk_high_speed_timer_stop
                0x0000000000003a66                _nrk_high_speed_timer_start
                0x0000000000003a6e                _nrk_high_speed_timer_reset
                0x0000000000003a7e                _nrk_high_speed_timer_get
                0x0000000000003aa2                nrk_high_speed_timer_wait
                0x0000000000003b02                _nrk_os_timer_stop
                0x0000000000003b18                _nrk_os_timer_set
                0x0000000000003b1e                _nrk_os_timer_start
                0x0000000000003b30                _nrk_os_timer_reset
                0x0000000000003b44                _nrk_setup_timer
                0x0000000000003bca                _nrk_get_next_wakeup
                0x0000000000003bd2                _nrk_set_next_wakeup
                0x0000000000003bda                nrk_timer_int_stop
                0x0000000000003be6                nrk_timer_int_reset
                0x0000000000003bfa                nrk_timer_int_read
                0x0000000000003c0e                nrk_timer_int_start
                0x0000000000003c20                nrk_timer_int_configure
                0x0000000000003c96                _nrk_os_timer_get
                0x0000000000003c9c                __vector_default
                0x0000000000003cb0                __vector_13
                0x0000000000003cb0                __vector_15
                0x0000000000003d16                __vector_32
                0x0000000000003d7a                SIG_OUTPUT_COMPARE1A
 .text          0x0000000000003d8e       0x4c ../../../..//src/kernel/hal/atmega128rfa1/nrk_status.o
                0x0000000000003d8e                _nrk_startup_error
 .text          0x0000000000003dda      0x3a8 ../../../..//src/kernel/hal/atmega128rfa1/nrk_ext_int.o
                0x0000000000003dda                nrk_ext_int_enable
                0x0000000000003e5c                nrk_ext_int_disable
                0x0000000000003ede                nrk_ext_int_configure
                0x0000000000003ff2                __vector_9
                0x0000000000004056                __vector_1
                0x00000000000040ba                __vector_2
                0x000000000000411e                __vector_3
 .text          0x0000000000004182       0x4c ../../../..//src/kernel/hal/atmega128rfa1/nrk_watchdog.o
                0x0000000000004182                nrk_watchdog_disable
                0x000000000000419e                nrk_watchdog_enable
                0x00000000000041bc                nrk_watchdog_check
                0x00000000000041ca                nrk_watchdog_reset
 .text          0x00000000000041ce      0x148 ../../../..//src/kernel/hal/atmega128rfa1/nrk_cpu.o
                0x00000000000041ce                nrk_battery_save
                0x00000000000041d0                nrk_sleep
                0x00000000000041e8                nrk_idle
                0x00000000000041fe                nrk_task_set_entry_function
                0x0000000000004206                nrk_task_set_stk
                0x0000000000004244                nrk_task_stk_init
                0x00000000000042e2                nrk_stack_pointer_init
                0x0000000000004300                nrk_stack_pointer_restore
                0x000000000000430e                nrk_target_start
 .text          0x0000000000004316       0x56 ../../../..//src/kernel/hal/atmega128rfa1/atmel_hw_specific.o
                0x0000000000004316                nrk_start_high_ready_task
 .text          0x000000000000436c        0x0 /usr/lib/gcc/avr/4.8.2/../../../../avr/lib/avr51/libprintf_min.a(vfprintf_min.o)
 .text          0x000000000000436c        0x0 /usr/lib/gcc/avr/4.8.2/avr51/libgcc.a(_muluhisi3.o)
 .text          0x000000000000436c        0x0 /usr/lib/gcc/avr/4.8.2/avr51/libgcc.a(_mulsi3.o)
 .text          0x000000000000436c        0x0 /usr/lib/gcc/avr/4.8.2/avr51/libgcc.a(_udivmodsi4.o)
 .text          0x000000000000436c        0x0 /usr/lib/gcc/avr/4.8.2/avr51/libgcc.a(_udivdi3.o)
 .text          0x000000000000436c        0x0 /usr/lib/gcc/avr/4.8.2/avr51/libgcc.a(_udivmod64.o)
 .text          0x000000000000436c        0x0 /usr/lib/gcc/avr/4.8.2/avr51/libgcc.a(_exit.o)
 .text          0x000000000000436c        0x0 /usr/lib/gcc/avr/4.8.2/avr51/libgcc.a(_tablejump.o)
 .text          0x000000000000436c        0x0 /usr/lib/gcc/avr/4.8.2/avr51/libgcc.a(_copy_data.o)
 .text          0x000000000000436c        0x0 /usr/lib/gcc/avr/4.8.2/avr51/libgcc.a(_clear_bss.o)
 .text          0x000000000000436c        0x0 /usr/lib/gcc/avr/4.8.2/avr51/libgcc.a(_adddi3.o)
 .text          0x000000000000436c        0x0 /usr/lib/gcc/avr/4.8.2/avr51/libgcc.a(_umulhisi3.o)
 .text          0x000000000000436c        0x0 /usr/lib/gcc/avr/4.8.2/../../../../avr/lib/avr51/libc.a(strchr_P.o)
 .text          0x000000000000436c        0x0 /usr/lib/gcc/avr/4.8.2/../../../../avr/lib/avr51/libc.a(memcpy.o)
 .text          0x000000000000436c        0x0 /usr/lib/gcc/avr/4.8.2/../../../../avr/lib/avr51/libc.a(fdevopen.o)
 .text          0x000000000000436c        0x0 /usr/lib/gcc/avr/4.8.2/../../../../avr/lib/avr51/libc.a(fputc.o)
 .text          0x000000000000436c        0x0 /usr/lib/gcc/avr/4.8.2/../../../../avr/lib/avr51/libc.a(iob.o)
 .text          0x000000000000436c        0x0 /usr/lib/gcc/avr/4.8.2/../../../../avr/lib/avr51/libc.a(printf.o)
 .text          0x000000000000436c        0x0 /usr/lib/gcc/avr/4.8.2/../../../../avr/lib/avr51/libc.a(putchar.o)
 .text          0x000000000000436c        0x0 /usr/lib/gcc/avr/4.8.2/../../../../avr/lib/avr51/libc.a(puts.o)
 .text          0x000000000000436c        0x0 /usr/lib/gcc/avr/4.8.2/../../../../avr/lib/avr51/libc.a(sprintf.o)
 .text          0x000000000000436c        0x0 /usr/lib/gcc/avr/4.8.2/../../../../avr/lib/avr51/libc.a(ultoa_invert.o)
 .text          0x000000000000436c        0x0 /usr/lib/gcc/avr/4.8.2/../../../../avr/lib/avr51/libc.a(eerd_byte_atmega128rfa1.o)
 .text          0x000000000000436c        0x0 /usr/lib/gcc/avr/4.8.2/../../../../avr/lib/avr51/libc.a(eewr_byte_atmega128rfa1.o)
 .text          0x000000000000436c        0x0 /usr/lib/gcc/avr/4.8.2/../../../../avr/lib/avr51/libc.a(calloc.o)
 .text          0x000000000000436c        0x0 /usr/lib/gcc/avr/4.8.2/../../../../avr/lib/avr51/libc.a(malloc.o)
 .text          0x000000000000436c        0x0 /usr/lib/gcc/avr/4.8.2/../../../../avr/lib/avr51/libc.a(memset.o)
                0x000000000000436c                . = ALIGN (0x2)
 *(.text.*)
 .text.startup  0x000000000000436c      0x144 main.o
                0x000000000000436c                main
 .text.avr-libc
                0x00000000000044b0      0x29a /usr/lib/gcc/avr/4.8.2/../../../../avr/lib/avr51/libprintf_min.a(vfprintf_min.o)
                0x00000000000044b0                vfprintf
 .text.libgcc.mul
                0x000000000000474a       0x16 /usr/lib/gcc/avr/4.8.2/avr51/libgcc.a(_muluhisi3.o)
                0x000000000000474a                __muluhisi3
 .text.libgcc.div
                0x0000000000004760        0x0 /usr/lib/gcc/avr/4.8.2/avr51/libgcc.a(_muluhisi3.o)
 .text.libgcc   0x0000000000004760        0x0 /usr/lib/gcc/avr/4.8.2/avr51/libgcc.a(_muluhisi3.o)
 .text.libgcc.prologue
                0x0000000000004760        0x0 /usr/lib/gcc/avr/4.8.2/avr51/libgcc.a(_muluhisi3.o)
 .text.libgcc.builtins
                0x0000000000004760        0x0 /usr/lib/gcc/avr/4.8.2/avr51/libgcc.a(_muluhisi3.o)
 .text.libgcc.fmul
                0x0000000000004760        0x0 /usr/lib/gcc/avr/4.8.2/avr51/libgcc.a(_muluhisi3.o)
 .text.libgcc.fixed
                0x0000000000004760        0x0 /usr/lib/gcc/avr/4.8.2/avr51/libgcc.a(_muluhisi3.o)
 .text.libgcc.mul
                0x0000000000004760       0x20 /usr/lib/gcc/avr/4.8.2/avr51/libgcc.a(_mulsi3.o)
                0x0000000000004760                __mulsi3
 .text.libgcc.div
                0x0000000000004780        0x0 /usr/lib/gcc/avr/4.8.2/avr51/libgcc.a(_mulsi3.o)
 .text.libgcc   0x0000000000004780        0x0 /usr/lib/gcc/avr/4.8.2/avr51/libgcc.a(_mulsi3.o)
 .text.libgcc.prologue
                0x0000000000004780        0x0 /usr/lib/gcc/avr/4.8.2/avr51/libgcc.a(_mulsi3.o)
 .text.libgcc.builtins
                0x0000000000004780        0x0 /usr/lib/gcc/avr/4.8.2/avr51/libgcc.a(_mulsi3.o)
 .text.libgcc.fmul
                0x0000000000004780        0x0 /usr/lib/gcc/avr/4.8.2/avr51/libgcc.a(_mulsi3.o)
 .text.libgcc.fixed
                0x0000000000004780        0x0 /usr/lib/gcc/avr/4.8.2/avr51/libgcc.a(_mulsi3.o)
 .text.libgcc.mul
                0x0000000000004780        0x0 /usr/lib/gcc/avr/4.8.2/avr51/libgcc.a(_udivmodsi4.o)
 .text.libgcc.div
                0x0000000000004780       0x44 /usr/lib/gcc/avr/4.8.2/avr51/libgcc.a(_udivmodsi4.o)
                0x0000000000004780                __udivmodsi4
 .text.libgcc   0x00000000000047c4        0x0 /usr/lib/gcc/avr/4.8.2/avr51/libgcc.a(_udivmodsi4.o)
 .text.libgcc.prologue
                0x00000000000047c4        0x0 /usr/lib/gcc/avr/4.8.2/avr51/libgcc.a(_udivmodsi4.o)
 .text.libgcc.builtins
                0x00000000000047c4        0x0 /usr/lib/gcc/avr/4.8.2/avr51/libgcc.a(_udivmodsi4.o)
 .text.libgcc.fmul
                0x00000000000047c4        0x0 /usr/lib/gcc/avr/4.8.2/avr51/libgcc.a(_udivmodsi4.o)
 .text.libgcc.fixed
                0x00000000000047c4        0x0 /usr/lib/gcc/avr/4.8.2/avr51/libgcc.a(_udivmodsi4.o)
 .text.libgcc.mul
                0x00000000000047c4        0x0 /usr/lib/gcc/avr/4.8.2/avr51/libgcc.a(_udivdi3.o)
 .text.libgcc.div
                0x00000000000047c4       0x1c /usr/lib/gcc/avr/4.8.2/avr51/libgcc.a(_udivdi3.o)
                0x00000000000047c4                __umoddi3
                0x00000000000047c8                __udivdi3
                0x00000000000047ca                __udivdi3_umoddi3
 .text.libgcc   0x00000000000047e0        0x0 /usr/lib/gcc/avr/4.8.2/avr51/libgcc.a(_udivdi3.o)
 .text.libgcc.prologue
                0x00000000000047e0        0x0 /usr/lib/gcc/avr/4.8.2/avr51/libgcc.a(_udivdi3.o)
 .text.libgcc.builtins
                0x00000000000047e0        0x0 /usr/lib/gcc/avr/4.8.2/avr51/libgcc.a(_udivdi3.o)
 .text.libgcc.fmul
                0x00000000000047e0        0x0 /usr/lib/gcc/avr/4.8.2/avr51/libgcc.a(_udivdi3.o)
 .text.libgcc.fixed
                0x00000000000047e0        0x0 /usr/lib/gcc/avr/4.8.2/avr51/libgcc.a(_udivdi3.o)
 .text.libgcc.mul
                0x00000000000047e0        0x0 /usr/lib/gcc/avr/4.8.2/avr51/libgcc.a(_udivmod64.o)
 .text.libgcc.div
                0x00000000000047e0       0xa2 /usr/lib/gcc/avr/4.8.2/avr51/libgcc.a(_udivmod64.o)
                0x00000000000047e0                __udivmod64
 .text.libgcc   0x0000000000004882        0x0 /usr/lib/gcc/avr/4.8.2/avr51/libgcc.a(_udivmod64.o)
 .text.libgcc.prologue
                0x0000000000004882        0x0 /usr/lib/gcc/avr/4.8.2/avr51/libgcc.a(_udivmod64.o)
 .text.libgcc.builtins
                0x0000000000004882        0x0 /usr/lib/gcc/avr/4.8.2/avr51/libgcc.a(_udivmod64.o)
 .text.libgcc.fmul
                0x0000000000004882        0x0 /usr/lib/gcc/avr/4.8.2/avr51/libgcc.a(_udivmod64.o)
 .text.libgcc.fixed
                0x0000000000004882        0x0 /usr/lib/gcc/avr/4.8.2/avr51/libgcc.a(_udivmod64.o)
 .text.libgcc.mul
                0x0000000000004882        0x0 /usr/lib/gcc/avr/4.8.2/avr51/libgcc.a(_exit.o)
 .text.libgcc.div
                0x0000000000004882        0x0 /usr/lib/gcc/avr/4.8.2/avr51/libgcc.a(_exit.o)
 .text.libgcc   0x0000000000004882        0x0 /usr/lib/gcc/avr/4.8.2/avr51/libgcc.a(_exit.o)
 .text.libgcc.prologue
                0x0000000000004882        0x0 /usr/lib/gcc/avr/4.8.2/avr51/libgcc.a(_exit.o)
 .text.libgcc.builtins
                0x0000000000004882        0x0 /usr/lib/gcc/avr/4.8.2/avr51/libgcc.a(_exit.o)
 .text.libgcc.fmul
                0x0000000000004882        0x0 /usr/lib/gcc/avr/4.8.2/avr51/libgcc.a(_exit.o)
 .text.libgcc.fixed
                0x0000000000004882        0x0 /usr/lib/gcc/avr/4.8.2/avr51/libgcc.a(_exit.o)
 .text.libgcc.mul
                0x0000000000004882        0x0 /usr/lib/gcc/avr/4.8.2/avr51/libgcc.a(_tablejump.o)
 .text.libgcc.div
                0x0000000000004882        0x0 /usr/lib/gcc/avr/4.8.2/avr51/libgcc.a(_tablejump.o)
 .text.libgcc   0x0000000000004882        0xc /usr/lib/gcc/avr/4.8.2/avr51/libgcc.a(_tablejump.o)
                0x0000000000004882                __tablejump2__
                0x0000000000004886                __tablejump__
 .text.libgcc.prologue
                0x000000000000488e        0x0 /usr/lib/gcc/avr/4.8.2/avr51/libgcc.a(_tablejump.o)
 .text.libgcc.builtins
                0x000000000000488e        0x0 /usr/lib/gcc/avr/4.8.2/avr51/libgcc.a(_tablejump.o)
 .text.libgcc.fmul
                0x000000000000488e        0x0 /usr/lib/gcc/avr/4.8.2/avr51/libgcc.a(_tablejump.o)
 .text.libgcc.fixed
                0x000000000000488e        0x0 /usr/lib/gcc/avr/4.8.2/avr51/libgcc.a(_tablejump.o)
 .text.libgcc.mul
                0x000000000000488e        0x0 /usr/lib/gcc/avr/4.8.2/avr51/libgcc.a(_copy_data.o)
 .text.libgcc.div
                0x000000000000488e        0x0 /usr/lib/gcc/avr/4.8.2/avr51/libgcc.a(_copy_data.o)
 .text.libgcc   0x000000000000488e        0x0 /usr/lib/gcc/avr/4.8.2/avr51/libgcc.a(_copy_data.o)
 .text.libgcc.prologue
                0x000000000000488e        0x0 /usr/lib/gcc/avr/4.8.2/avr51/libgcc.a(_copy_data.o)
 .text.libgcc.builtins
                0x000000000000488e        0x0 /usr/lib/gcc/avr/4.8.2/avr51/libgcc.a(_copy_data.o)
 .text.libgcc.fmul
                0x000000000000488e        0x0 /usr/lib/gcc/avr/4.8.2/avr51/libgcc.a(_copy_data.o)
 .text.libgcc.fixed
                0x000000000000488e        0x0 /usr/lib/gcc/avr/4.8.2/avr51/libgcc.a(_copy_data.o)
 .text.libgcc.mul
                0x000000000000488e        0x0 /usr/lib/gcc/avr/4.8.2/avr51/libgcc.a(_clear_bss.o)
 .text.libgcc.div
                0x000000000000488e        0x0 /usr/lib/gcc/avr/4.8.2/avr51/libgcc.a(_clear_bss.o)
 .text.libgcc   0x000000000000488e        0x0 /usr/lib/gcc/avr/4.8.2/avr51/libgcc.a(_clear_bss.o)
 .text.libgcc.prologue
                0x000000000000488e        0x0 /usr/lib/gcc/avr/4.8.2/avr51/libgcc.a(_clear_bss.o)
 .text.libgcc.builtins
                0x000000000000488e        0x0 /usr/lib/gcc/avr/4.8.2/avr51/libgcc.a(_clear_bss.o)
 .text.libgcc.fmul
                0x000000000000488e        0x0 /usr/lib/gcc/avr/4.8.2/avr51/libgcc.a(_clear_bss.o)
 .text.libgcc.fixed
                0x000000000000488e        0x0 /usr/lib/gcc/avr/4.8.2/avr51/libgcc.a(_clear_bss.o)
 .text.libgcc.mul
                0x000000000000488e        0x0 /usr/lib/gcc/avr/4.8.2/avr51/libgcc.a(_adddi3.o)
 .text.libgcc.div
                0x000000000000488e        0x0 /usr/lib/gcc/avr/4.8.2/avr51/libgcc.a(_adddi3.o)
 .text.libgcc   0x000000000000488e       0x12 /usr/lib/gcc/avr/4.8.2/avr51/libgcc.a(_adddi3.o)
                0x000000000000488e                __adddi3
 .text.libgcc.prologue
                0x00000000000048a0        0x0 /usr/lib/gcc/avr/4.8.2/avr51/libgcc.a(_adddi3.o)
 .text.libgcc.builtins
                0x00000000000048a0        0x0 /usr/lib/gcc/avr/4.8.2/avr51/libgcc.a(_adddi3.o)
 .text.libgcc.fmul
                0x00000000000048a0        0x0 /usr/lib/gcc/avr/4.8.2/avr51/libgcc.a(_adddi3.o)
 .text.libgcc.fixed
                0x00000000000048a0        0x0 /usr/lib/gcc/avr/4.8.2/avr51/libgcc.a(_adddi3.o)
 .text.libgcc.mul
                0x00000000000048a0       0x1e /usr/lib/gcc/avr/4.8.2/avr51/libgcc.a(_umulhisi3.o)
                0x00000000000048a0                __umulhisi3
 .text.libgcc.div
                0x00000000000048be        0x0 /usr/lib/gcc/avr/4.8.2/avr51/libgcc.a(_umulhisi3.o)
 .text.libgcc   0x00000000000048be        0x0 /usr/lib/gcc/avr/4.8.2/avr51/libgcc.a(_umulhisi3.o)
 .text.libgcc.prologue
                0x00000000000048be        0x0 /usr/lib/gcc/avr/4.8.2/avr51/libgcc.a(_umulhisi3.o)
 .text.libgcc.builtins
                0x00000000000048be        0x0 /usr/lib/gcc/avr/4.8.2/avr51/libgcc.a(_umulhisi3.o)
 .text.libgcc.fmul
                0x00000000000048be        0x0 /usr/lib/gcc/avr/4.8.2/avr51/libgcc.a(_umulhisi3.o)
 .text.libgcc.fixed
                0x00000000000048be        0x0 /usr/lib/gcc/avr/4.8.2/avr51/libgcc.a(_umulhisi3.o)
 .text.avr-libc
                0x00000000000048be       0x16 /usr/lib/gcc/avr/4.8.2/../../../../avr/lib/avr51/libc.a(strchr_P.o)
                0x00000000000048be                strchr_P
 .text.avr-libc
                0x00000000000048d4       0x12 /usr/lib/gcc/avr/4.8.2/../../../../avr/lib/avr51/libc.a(memcpy.o)
                0x00000000000048d4                memcpy
 .text.avr-libc
                0x00000000000048e6       0x96 /usr/lib/gcc/avr/4.8.2/../../../../avr/lib/avr51/libc.a(fdevopen.o)
                0x00000000000048e6                fdevopen
 .text.avr-libc
                0x000000000000497c       0x64 /usr/lib/gcc/avr/4.8.2/../../../../avr/lib/avr51/libc.a(fputc.o)
                0x000000000000497c                fputc
 .text.avr-libc
                0x00000000000049e0       0x24 /usr/lib/gcc/avr/4.8.2/../../../../avr/lib/avr51/libc.a(printf.o)
                0x00000000000049e0                printf
 .text.avr-libc
                0x0000000000004a04        0xc /usr/lib/gcc/avr/4.8.2/../../../../avr/lib/avr51/libc.a(putchar.o)
                0x0000000000004a04                putchar
 .text.avr-libc
                0x0000000000004a10       0x5a /usr/lib/gcc/avr/4.8.2/../../../../avr/lib/avr51/libc.a(puts.o)
                0x0000000000004a10                puts
 .text.avr-libc
                0x0000000000004a6a       0x5e /usr/lib/gcc/avr/4.8.2/../../../../avr/lib/avr51/libc.a(sprintf.o)
                0x0000000000004a6a                sprintf
 .text.avr-libc
                0x0000000000004ac8       0xbc /usr/lib/gcc/avr/4.8.2/../../../../avr/lib/avr51/libc.a(ultoa_invert.o)
                0x0000000000004ac8                __ultoa_invert
 .text.avr-libc
                0x0000000000004b84       0x10 /usr/lib/gcc/avr/4.8.2/../../../../avr/lib/avr51/libc.a(eerd_byte_atmega128rfa1.o)
                0x0000000000004b84                __eerd_byte_m128rfa1
 .text.avr-libc
                0x0000000000004b94       0x1c /usr/lib/gcc/avr/4.8.2/../../../../avr/lib/avr51/libc.a(eewr_byte_atmega128rfa1.o)
                0x0000000000004b94                __eewr_byte_m128rfa1
                0x0000000000004b96                __eewr_r18_m128rfa1
 .text.avr-libc
                0x0000000000004bb0       0x38 /usr/lib/gcc/avr/4.8.2/../../../../avr/lib/avr51/libc.a(calloc.o)
                0x0000000000004bb0                calloc
 .text.avr-libc
                0x0000000000004be8      0x24e /usr/lib/gcc/avr/4.8.2/../../../../avr/lib/avr51/libc.a(malloc.o)
                0x0000000000004be8                malloc
                0x0000000000004d18                free
 .text.avr-libc
                0x0000000000004e36        0xe /usr/lib/gcc/avr/4.8.2/../../../../avr/lib/avr51/libc.a(memset.o)
                0x0000000000004e36                memset
                0x0000000000004e44                . = ALIGN (0x2)
 *(.fini9)
 .fini9         0x0000000000004e44        0x0 /usr/lib/gcc/avr/4.8.2/avr51/libgcc.a(_exit.o)
                0x0000000000004e44                exit
                0x0000000000004e44                _exit
 *(.fini9)
 *(.fini8)
 *(.fini8)
 *(.fini7)
 *(.fini7)
 *(.fini6)
 *(.fini6)
 *(.fini5)
 *(.fini5)
 *(.fini4)
 *(.fini4)
 *(.fini3)
 *(.fini3)
 *(.fini2)
 *(.fini2)
 *(.fini1)
 *(.fini1)
 *(.fini0)
 .fini0         0x0000000000004e44        0x4 /usr/lib/gcc/avr/4.8.2/avr51/libgcc.a(_exit.o)
 *(.fini0)
                0x0000000000004e48                _etext = .

.data           0x0000000000800200      0x188 load address 0x0000000000004e48
                0x0000000000800200                PROVIDE (__data_start, .)
 *(.data)
 .data          0x0000000000800200        0x0 /usr/lib/gcc/avr/4.8.2/../../../../avr/lib/avr51/crtm128rfa1.o
 .data          0x0000000000800200        0x0 main.o
 .data          0x0000000000800200        0x0 ../../../..//src/radio/rf231_soc/source/basic_rf.o
 .data          0x0000000000800200        0x0 ../../../..//src/platform/firefly3/source/ulib.o
 .data          0x0000000000800200        0x0 ../../../..//src/platform/firefly3/source/hal_wait.o
 .data          0x0000000000800200        0x0 ../../../..//src/platform/firefly3/source/nrk_eeprom.o
 .data          0x0000000000800200        0x0 ../../../..//src/kernel/source/nrk.o
 .data          0x0000000000800200        0x0 ../../../..//src/kernel/source/nrk_stats.o
 .data          0x0000000000800200        0x0 ../../../..//src/kernel/source/nrk_error.o
 .data          0x0000000000800200        0x0 ../../../..//src/kernel/source/nrk_stack_check.o
 .data          0x0000000000800200        0x0 ../../../..//src/kernel/source/nrk_events.o
 .data          0x0000000000800200        0x0 ../../../..//src/kernel/source/nrk_task.o
 .data          0x0000000000800200        0x0 ../../../..//src/kernel/source/nrk_time.o
 .data          0x0000000000800200        0x0 ../../../..//src/kernel/source/nrk_idle_task.o
 .data          0x0000000000800200        0x0 ../../../..//src/kernel/source/nrk_scheduler.o
 .data          0x0000000000800200        0x0 ../../../..//src/kernel/source/nrk_driver.o
 .data          0x0000000000800200        0x0 ../../../..//src/kernel/source/nrk_reserve.o
 .data          0x0000000000800200        0x0 ../../../..//src/kernel/source/nrk_sw_wdt.o
 .data          0x0000000000800200        0x0 ../../../..//src/kernel/hal/atmega128rfa1/nrk_timer.o
 .data          0x0000000000800200        0x0 ../../../..//src/kernel/hal/atmega128rfa1/nrk_status.o
 .data          0x0000000000800200        0x0 ../../../..//src/kernel/hal/atmega128rfa1/nrk_ext_int.o
 .data          0x0000000000800200        0x0 ../../../..//src/kernel/hal/atmega128rfa1/nrk_watchdog.o
 .data          0x0000000000800200        0x0 ../../../..//src/kernel/hal/atmega128rfa1/nrk_cpu.o
 .data          0x0000000000800200        0x0 ../../../..//src/kernel/hal/atmega128rfa1/atmel_hw_specific.o
 .data          0x0000000000800200        0x0 /usr/lib/gcc/avr/4.8.2/../../../../avr/lib/avr51/libprintf_min.a(vfprintf_min.o)
 .data          0x0000000000800200        0x0 /usr/lib/gcc/avr/4.8.2/avr51/libgcc.a(_muluhisi3.o)
 .data          0x0000000000800200        0x0 /usr/lib/gcc/avr/4.8.2/avr51/libgcc.a(_mulsi3.o)
 .data          0x0000000000800200        0x0 /usr/lib/gcc/avr/4.8.2/avr51/libgcc.a(_udivmodsi4.o)
 .data          0x0000000000800200        0x0 /usr/lib/gcc/avr/4.8.2/avr51/libgcc.a(_udivdi3.o)
 .data          0x0000000000800200        0x0 /usr/lib/gcc/avr/4.8.2/avr51/libgcc.a(_udivmod64.o)
 .data          0x0000000000800200        0x0 /usr/lib/gcc/avr/4.8.2/avr51/libgcc.a(_exit.o)
 .data          0x0000000000800200        0x0 /usr/lib/gcc/avr/4.8.2/avr51/libgcc.a(_tablejump.o)
 .data          0x0000000000800200        0x0 /usr/lib/gcc/avr/4.8.2/avr51/libgcc.a(_copy_data.o)
 .data          0x0000000000800200        0x0 /usr/lib/gcc/avr/4.8.2/avr51/libgcc.a(_clear_bss.o)
 .data          0x0000000000800200        0x0 /usr/lib/gcc/avr/4.8.2/avr51/libgcc.a(_adddi3.o)
 .data          0x0000000000800200        0x0 /usr/lib/gcc/avr/4.8.2/avr51/libgcc.a(_umulhisi3.o)
 .data          0x0000000000800200        0x0 /usr/lib/gcc/avr/4.8.2/../../../../avr/lib/avr51/libc.a(strchr_P.o)
 .data          0x0000000000800200        0x0 /usr/lib/gcc/avr/4.8.2/../../../../avr/lib/avr51/libc.a(memcpy.o)
 .data          0x0000000000800200        0x0 /usr/lib/gcc/avr/4.8.2/../../../../avr/lib/avr51/libc.a(fdevopen.o)
 .data          0x0000000000800200        0x0 /usr/lib/gcc/avr/4.8.2/../../../../avr/lib/avr51/libc.a(fputc.o)
 .data          0x0000000000800200        0x0 /usr/lib/gcc/avr/4.8.2/../../../../avr/lib/avr51/libc.a(iob.o)
 .data          0x0000000000800200        0x0 /usr/lib/gcc/avr/4.8.2/../../../../avr/lib/avr51/libc.a(printf.o)
 .data          0x0000000000800200        0x0 /usr/lib/gcc/avr/4.8.2/../../../../avr/lib/avr51/libc.a(putchar.o)
 .data          0x0000000000800200        0x0 /usr/lib/gcc/avr/4.8.2/../../../../avr/lib/avr51/libc.a(puts.o)
 .data          0x0000000000800200        0x0 /usr/lib/gcc/avr/4.8.2/../../../../avr/lib/avr51/libc.a(sprintf.o)
 .data          0x0000000000800200        0x0 /usr/lib/gcc/avr/4.8.2/../../../../avr/lib/avr51/libc.a(ultoa_invert.o)
 .data          0x0000000000800200        0x0 /usr/lib/gcc/avr/4.8.2/../../../../avr/lib/avr51/libc.a(eerd_byte_atmega128rfa1.o)
 .data          0x0000000000800200        0x0 /usr/lib/gcc/avr/4.8.2/../../../../avr/lib/avr51/libc.a(eewr_byte_atmega128rfa1.o)
 .data          0x0000000000800200        0x0 /usr/lib/gcc/avr/4.8.2/../../../../avr/lib/avr51/libc.a(calloc.o)
 .data          0x0000000000800200        0x6 /usr/lib/gcc/avr/4.8.2/../../../../avr/lib/avr51/libc.a(malloc.o)
                0x0000000000800200                __malloc_heap_end
                0x0000000000800202                __malloc_heap_start
                0x0000000000800204                __malloc_margin
 .data          0x0000000000800206        0x0 /usr/lib/gcc/avr/4.8.2/../../../../avr/lib/avr51/libc.a(memset.o)
 *(.data*)
 *(.rodata)
 .rodata        0x0000000000800206       0x51 ../../../..//src/platform/firefly3/source/ulib.o
                0x0000000000800206                NRK_ADC_INPUT_7
                0x0000000000800207                NRK_ADC_INPUT_6
                0x0000000000800208                NRK_ADC_INPUT_5
                0x0000000000800209                NRK_ADC_INPUT_4
                0x000000000080020a                NRK_ADC_INPUT_3
                0x000000000080020b                NRK_ADC_INPUT_2
                0x000000000080020c                NRK_ADC_INPUT_1
                0x000000000080020d                NRK_ADC_INPUT_0
                0x000000000080020e                NRK_PORTF_7
                0x000000000080020f                NRK_PORTF_6
                0x0000000000800210                NRK_PORTF_5
                0x0000000000800211                NRK_PORTF_4
                0x0000000000800212                NRK_PORTF_3
                0x0000000000800213                NRK_PORTF_2
                0x0000000000800214                NRK_PORTF_1
                0x0000000000800215                NRK_PORTF_0
                0x0000000000800216                NRK_PORTG_5
                0x0000000000800217                NRK_PORTG_4
                0x0000000000800218                NRK_PORTG_3
                0x0000000000800219                NRK_PORTG_2
                0x000000000080021a                NRK_PORTG_1
                0x000000000080021b                NRK_PORTG_0
                0x000000000080021c                NRK_ANT_1
                0x000000000080021d                NRK_ANT_0
                0x000000000080021e                NRK_UART0_TXD
                0x000000000080021f                NRK_UART0_RXD
                0x0000000000800220                NRK_PORTE_7
                0x0000000000800221                NRK_PORTE_6
                0x0000000000800222                NRK_PORTE_5
                0x0000000000800223                NRK_PORTE_4
                0x0000000000800224                NRK_PORTE_3
                0x0000000000800225                NRK_PORTE_2
                0x0000000000800226                NRK_PORTE_1
                0x0000000000800227                NRK_PORTE_0
                0x0000000000800228                NRK_LED_3
                0x0000000000800229                NRK_LED_2
                0x000000000080022a                NRK_LED_1
                0x000000000080022b                NRK_LED_0
                0x000000000080022c                NRK_UART1_TXD
                0x000000000080022d                NRK_UART1_RXD
                0x000000000080022e                NRK_BUTTON
                0x000000000080022f                NRK_PORTD_7
                0x0000000000800230                NRK_PORTD_6
                0x0000000000800231                NRK_PORTD_5
                0x0000000000800232                NRK_PORTD_4
                0x0000000000800233                NRK_PORTD_3
                0x0000000000800234                NRK_PORTD_2
                0x0000000000800235                NRK_PORTD_1
                0x0000000000800236                NRK_PORTD_0
                0x0000000000800237                NRK_PORTC_7
                0x0000000000800238                NRK_PORTC_6
                0x0000000000800239                NRK_PORTC_5
                0x000000000080023a                NRK_PORTC_4
                0x000000000080023b                NRK_PORTC_3
                0x000000000080023c                NRK_PORTC_2
                0x000000000080023d                NRK_PORTC_1
                0x000000000080023e                NRK_PORTC_0
                0x000000000080023f                NRK_PORTB_7
                0x0000000000800240                NRK_PORTB_6
                0x0000000000800241                NRK_PORTB_5
                0x0000000000800242                NRK_PORTB_4
                0x0000000000800243                NRK_PORTB_3
                0x0000000000800244                NRK_PORTB_2
                0x0000000000800245                NRK_PORTB_1
                0x0000000000800246                NRK_PORTB_0
                0x0000000000800247                NRK_MISO
                0x0000000000800248                NRK_MOSI
                0x0000000000800249                NRK_SCK
                0x000000000080024a                NRK_SPI_SS
                0x000000000080024b                NRK_DEBUG_3
                0x000000000080024c                NRK_DEBUG_2
                0x000000000080024d                NRK_DEBUG_1
                0x000000000080024e                NRK_DEBUG_0
                0x000000000080024f                NRK_PORTA_7
                0x0000000000800250                NRK_PORTA_6
                0x0000000000800251                NRK_PORTA_5
                0x0000000000800252                NRK_PORTA_4
                0x0000000000800253                NRK_PORTA_3
                0x0000000000800254                NRK_PORTA_2
                0x0000000000800255                NRK_PORTA_1
                0x0000000000800256                NRK_PORTA_0
 *(.rodata*)
 .rodata.str1.1
                0x0000000000800257       0x6a main.o
 .rodata.str1.1
                0x00000000008002c1       0x83 ../../../..//src/radio/rf231_soc/source/basic_rf.o
 .rodata.str1.1
                0x0000000000800344        0x3 ../../../..//src/kernel/source/nrk_error.o
 .rodata.str1.1
                0x0000000000800347       0x41 ../../../..//src/kernel/source/nrk_stack_check.o
                                         0x4e (size before relaxing)
 *(.gnu.linkonce.d*)
                0x0000000000800388                . = ALIGN (0x2)
                0x0000000000800388                _edata = .
                0x0000000000800388                PROVIDE (__data_end, .)

.bss            0x0000000000800388      0x2d2
                0x0000000000800388                PROVIDE (__bss_start, .)
 *(.bss)
 .bss           0x0000000000800388        0x0 /usr/lib/gcc/avr/4.8.2/../../../../avr/lib/avr51/crtm128rfa1.o
 .bss           0x0000000000800388        0x0 main.o
 .bss           0x0000000000800388        0x4 ../../../..//src/radio/rf231_soc/source/basic_rf.o
                0x0000000000800388                rx_end_func
                0x000000000080038a                rx_start_func
 .bss           0x000000000080038c        0x0 ../../../..//src/platform/firefly3/source/ulib.o
 .bss           0x000000000080038c        0x0 ../../../..//src/platform/firefly3/source/hal_wait.o
 .bss           0x000000000080038c        0x0 ../../../..//src/platform/firefly3/source/nrk_eeprom.o
 .bss           0x000000000080038c        0x0 ../../../..//src/kernel/source/nrk.o
 .bss           0x000000000080038c        0x0 ../../../..//src/kernel/source/nrk_stats.o
 .bss           0x000000000080038c        0x0 ../../../..//src/kernel/source/nrk_error.o
 .bss           0x000000000080038c        0x0 ../../../..//src/kernel/source/nrk_stack_check.o
 .bss           0x000000000080038c        0x0 ../../../..//src/kernel/source/nrk_events.o
 .bss           0x000000000080038c        0x0 ../../../..//src/kernel/source/nrk_task.o
 .bss           0x000000000080038c        0x0 ../../../..//src/kernel/source/nrk_time.o
 .bss           0x000000000080038c        0x0 ../../../..//src/kernel/source/nrk_idle_task.o
 .bss           0x000000000080038c        0x0 ../../../..//src/kernel/source/nrk_scheduler.o
 .bss           0x000000000080038c        0x0 ../../../..//src/kernel/source/nrk_driver.o
 .bss           0x000000000080038c        0x0 ../../../..//src/kernel/source/nrk_reserve.o
 .bss           0x000000000080038c        0x0 ../../../..//src/kernel/source/nrk_sw_wdt.o
 .bss           0x000000000080038c        0x0 ../../../..//src/kernel/hal/atmega128rfa1/nrk_timer.o
 .bss           0x000000000080038c        0x0 ../../../..//src/kernel/hal/atmega128rfa1/nrk_status.o
 .bss           0x000000000080038c        0x0 ../../../..//src/kernel/hal/atmega128rfa1/nrk_ext_int.o
 .bss           0x000000000080038c        0x0 ../../../..//src/kernel/hal/atmega128rfa1/nrk_watchdog.o
 .bss           0x000000000080038c        0x0 ../../../..//src/kernel/hal/atmega128rfa1/nrk_cpu.o
 .bss           0x000000000080038c        0x0 ../../../..//src/kernel/hal/atmega128rfa1/atmel_hw_specific.o
 .bss           0x000000000080038c        0x0 /usr/lib/gcc/avr/4.8.2/../../../../avr/lib/avr51/libprintf_min.a(vfprintf_min.o)
 .bss           0x000000000080038c        0x0 /usr/lib/gcc/avr/4.8.2/avr51/libgcc.a(_muluhisi3.o)
 .bss           0x000000000080038c        0x0 /usr/lib/gcc/avr/4.8.2/avr51/libgcc.a(_mulsi3.o)
 .bss           0x000000000080038c        0x0 /usr/lib/gcc/avr/4.8.2/avr51/libgcc.a(_udivmodsi4.o)
 .bss           0x000000000080038c        0x0 /usr/lib/gcc/avr/4.8.2/avr51/libgcc.a(_udivdi3.o)
 .bss           0x000000000080038c        0x0 /usr/lib/gcc/avr/4.8.2/avr51/libgcc.a(_udivmod64.o)
 .bss           0x000000000080038c        0x0 /usr/lib/gcc/avr/4.8.2/avr51/libgcc.a(_exit.o)
 .bss           0x000000000080038c        0x0 /usr/lib/gcc/avr/4.8.2/avr51/libgcc.a(_tablejump.o)
 .bss           0x000000000080038c        0x0 /usr/lib/gcc/avr/4.8.2/avr51/libgcc.a(_copy_data.o)
 .bss           0x000000000080038c        0x0 /usr/lib/gcc/avr/4.8.2/avr51/libgcc.a(_clear_bss.o)
 .bss           0x000000000080038c        0x0 /usr/lib/gcc/avr/4.8.2/avr51/libgcc.a(_adddi3.o)
 .bss           0x000000000080038c        0x0 /usr/lib/gcc/avr/4.8.2/avr51/libgcc.a(_umulhisi3.o)
 .bss           0x000000000080038c        0x0 /usr/lib/gcc/avr/4.8.2/../../../../avr/lib/avr51/libc.a(strchr_P.o)
 .bss           0x000000000080038c        0x0 /usr/lib/gcc/avr/4.8.2/../../../../avr/lib/avr51/libc.a(memcpy.o)
 .bss           0x000000000080038c        0x0 /usr/lib/gcc/avr/4.8.2/../../../../avr/lib/avr51/libc.a(fdevopen.o)
 .bss           0x000000000080038c        0x0 /usr/lib/gcc/avr/4.8.2/../../../../avr/lib/avr51/libc.a(fputc.o)
 .bss           0x000000000080038c        0x0 /usr/lib/gcc/avr/4.8.2/../../../../avr/lib/avr51/libc.a(iob.o)
 .bss           0x000000000080038c        0x0 /usr/lib/gcc/avr/4.8.2/../../../../avr/lib/avr51/libc.a(printf.o)
 .bss           0x000000000080038c        0x0 /usr/lib/gcc/avr/4.8.2/../../../../avr/lib/avr51/libc.a(putchar.o)
 .bss           0x000000000080038c        0x0 /usr/lib/gcc/avr/4.8.2/../../../../avr/lib/avr51/libc.a(puts.o)
 .bss           0x000000000080038c        0x0 /usr/lib/gcc/avr/4.8.2/../../../../avr/lib/avr51/libc.a(sprintf.o)
 .bss           0x000000000080038c        0x0 /usr/lib/gcc/avr/4.8.2/../../../../avr/lib/avr51/libc.a(ultoa_invert.o)
 .bss           0x000000000080038c        0x0 /usr/lib/gcc/avr/4.8.2/../../../../avr/lib/avr51/libc.a(eerd_byte_atmega128rfa1.o)
 .bss           0x000000000080038c        0x0 /usr/lib/gcc/avr/4.8.2/../../../../avr/lib/avr51/libc.a(eewr_byte_atmega128rfa1.o)
 .bss           0x000000000080038c        0x0 /usr/lib/gcc/avr/4.8.2/../../../../avr/lib/avr51/libc.a(calloc.o)
 .bss           0x000000000080038c        0x0 /usr/lib/gcc/avr/4.8.2/../../../../avr/lib/avr51/libc.a(malloc.o)
 .bss           0x000000000080038c        0x0 /usr/lib/gcc/avr/4.8.2/../../../../avr/lib/avr51/libc.a(memset.o)
 *(.bss*)
 *(COMMON)
 COMMON         0x000000000080038c       0xff main.o
                0x000000000080038c                rfRxInfo
                0x0000000000800398                _nrk_signal_list
                0x000000000080039c                rx_buf
                0x0000000000800410                tx_buf
                0x0000000000800484                rfTxInfo
 COMMON         0x000000000080048b       0xdc ../../../..//src/radio/rf231_soc/source/basic_rf.o
                0x000000000080048b                rx_ctr
                0x000000000080048f                app_timer0_callback
                0x0000000000800491                radio_sem
                0x0000000000800493                use_glossy
                0x0000000000800494                error_task
                0x0000000000800495                mdmctrl0
                0x0000000000800497                rfSettings
                0x00000000008004a0                _nrk_time_trigger
                0x00000000008004a1                curr_t
                0x00000000008004a9                tx_done
                0x00000000008004aa                ekey
                0x00000000008004ba                rf_ready
                0x00000000008004bb                target_t
                0x00000000008004c3                nrk_kernel_stk_ptr
                0x00000000008004c5                dkey
                0x00000000008004d5                app_timer0_prescale
                0x00000000008004d6                tx_ctr
                0x00000000008004dc                _nrk_prev_timer_val
                0x00000000008004dd                error_num
                0x00000000008004de                rx_ready
                0x00000000008004df                nrk_idle_task_stk
                0x000000000080055f                dummy_t
 COMMON         0x0000000000800567       0xe0 ../../../..//src/kernel/source/nrk.o
                0x0000000000800567                _free_node
                0x0000000000800569                nrk_task_TCB
                0x0000000000800615                next_next_wakeup
                0x0000000000800617                nrk_sem_list
                0x000000000080061a                nrk_task_init_cnt
                0x000000000080061b                nrk_wakeup_signal
                0x000000000080061c                nrk_high_ready_TCB
                0x000000000080061e                nrk_cur_task_prio
                0x000000000080061f                _nrk_cpu_state
                0x0000000000800620                _head_node
                0x0000000000800622                nrk_system_time
                0x000000000080062a                _nrk_resource_cnt
                0x000000000080062b                nrk_cur_task_TCB
                0x000000000080062d                nrk_high_ready_prio
                0x000000000080062e                _nrk_readyQ
 COMMON         0x0000000000800647        0x1 ../../../..//src/kernel/source/nrk_scheduler.o
                0x0000000000800647                t
 COMMON         0x0000000000800648        0x8 ../../../..//src/kernel/hal/atmega128rfa1/nrk_ext_int.o
                0x0000000000800648                ext_int1_callback
                0x000000000080064a                ext_int0_callback
                0x000000000080064c                ext_int2_callback
                0x000000000080064e                pc_int0_callback
 COMMON         0x0000000000800650        0x6 /usr/lib/gcc/avr/4.8.2/../../../../avr/lib/avr51/libc.a(iob.o)
                0x0000000000800650                __iob
 COMMON         0x0000000000800656        0x4 /usr/lib/gcc/avr/4.8.2/../../../../avr/lib/avr51/libc.a(malloc.o)
                0x0000000000800656                __brkval
                0x0000000000800658                __flp
                0x000000000080065a                PROVIDE (__bss_end, .)
                0x0000000000004e48                __data_load_start = LOADADDR (.data)
                0x0000000000004fd0                __data_load_end = (__data_load_start + SIZEOF (.data))

.noinit         0x000000000080065a        0x0
                0x000000000080065a                PROVIDE (__noinit_start, .)
 *(.noinit*)
                0x000000000080065a                PROVIDE (__noinit_end, .)
                0x000000000080065a                _end = .
                0x000000000080065a                PROVIDE (__heap_start, .)

.eeprom         0x0000000000810000        0x0
 *(.eeprom*)
                0x0000000000810000                __eeprom_end = .

.fuse
 *(.fuse)
 *(.lfuse)
 *(.hfuse)
 *(.efuse)

.lock
 *(.lock*)

.signature
 *(.signature*)

.stab           0x0000000000000000    0x11f40
 *(.stab)
 .stab          0x0000000000000000      0x6cc /usr/lib/gcc/avr/4.8.2/../../../../avr/lib/avr51/crtm128rfa1.o
 .stab          0x00000000000006cc     0x102c main.o
                                       0x1038 (size before relaxing)
 .stab          0x00000000000016f8     0x2274 ../../../..//src/radio/rf231_soc/source/basic_rf.o
                                       0x2d18 (size before relaxing)
 .stab          0x000000000000396c     0x1578 ../../../..//src/platform/firefly3/source/ulib.o
                                       0x2004 (size before relaxing)
 .stab          0x0000000000004ee4      0x378 ../../../..//src/platform/firefly3/source/hal_wait.o
                                        0xd50 (size before relaxing)
 .stab          0x000000000000525c      0x7f8 ../../../..//src/platform/firefly3/source/nrk_eeprom.o
                                       0x126c (size before relaxing)
 .stab          0x0000000000005a54      0xbac ../../../..//src/kernel/source/nrk.o
                                       0x162c (size before relaxing)
 .stab          0x0000000000006600      0x42c ../../../..//src/kernel/source/nrk_stats.o
                                        0xf3c (size before relaxing)
 .stab          0x0000000000006a2c      0xde0 ../../../..//src/kernel/source/nrk_error.o
                                       0x18f0 (size before relaxing)
 .stab          0x000000000000780c      0x624 ../../../..//src/kernel/source/nrk_stack_check.o
                                       0x1140 (size before relaxing)
 .stab          0x0000000000007e30      0xf78 ../../../..//src/kernel/source/nrk_events.o
                                       0x1aac (size before relaxing)
 .stab          0x0000000000008da8     0x10bc ../../../..//src/kernel/source/nrk_task.o
                                       0x1bf0 (size before relaxing)
 .stab          0x0000000000009e64      0x918 ../../../..//src/kernel/source/nrk_time.o
                                       0x144c (size before relaxing)
 .stab          0x000000000000a77c      0x48c ../../../..//src/kernel/source/nrk_idle_task.o
                                        0xfc0 (size before relaxing)
 .stab          0x000000000000ac08      0x96c ../../../..//src/kernel/source/nrk_scheduler.o
                                       0x14a0 (size before relaxing)
 .stab          0x000000000000b574      0x264 ../../../..//src/kernel/source/nrk_driver.o
                                        0x270 (size before relaxing)
 .stab          0x000000000000b7d8      0x264 ../../../..//src/kernel/source/nrk_reserve.o
                                        0x270 (size before relaxing)
 .stab          0x000000000000ba3c      0x390 ../../../..//src/kernel/source/nrk_sw_wdt.o
                                        0xeac (size before relaxing)
 .stab          0x000000000000bdcc     0x1110 ../../../..//src/kernel/hal/atmega128rfa1/nrk_timer.o
                                       0x1c38 (size before relaxing)
 .stab          0x000000000000cedc      0x474 ../../../..//src/kernel/hal/atmega128rfa1/nrk_status.o
                                        0xf00 (size before relaxing)
 .stab          0x000000000000d350      0xa14 ../../../..//src/kernel/hal/atmega128rfa1/nrk_ext_int.o
                                       0x14a0 (size before relaxing)
 .stab          0x000000000000dd64      0x534 ../../../..//src/kernel/hal/atmega128rfa1/nrk_watchdog.o
                                       0x1044 (size before relaxing)
 .stab          0x000000000000e298      0x894 ../../../..//src/kernel/hal/atmega128rfa1/nrk_cpu.o
                                       0x13bc (size before relaxing)
 .stab          0x000000000000eb2c      0x204 ../../../..//src/kernel/hal/atmega128rfa1/atmel_hw_specific.o
                                        0x210 (size before relaxing)
 .stab          0x000000000000ed30      0x96c /usr/lib/gcc/avr/4.8.2/../../../../avr/lib/avr51/libprintf_min.a(vfprintf_min.o)
                                        0x978 (size before relaxing)
 .stab          0x000000000000f69c       0x9c /usr/lib/gcc/avr/4.8.2/../../../../avr/lib/avr51/libc.a(strchr_P.o)
                                         0xa8 (size before relaxing)
 .stab          0x000000000000f738       0x84 /usr/lib/gcc/avr/4.8.2/../../../../avr/lib/avr51/libc.a(memcpy.o)
                                         0x90 (size before relaxing)
 .stab          0x000000000000f7bc      0x408 /usr/lib/gcc/avr/4.8.2/../../../../avr/lib/avr51/libc.a(fdevopen.o)
                                        0x630 (size before relaxing)
 .stab          0x000000000000fbc4      0x354 /usr/lib/gcc/avr/4.8.2/../../../../avr/lib/avr51/libc.a(fputc.o)
                                        0x534 (size before relaxing)
 .stab          0x000000000000ff18      0x2ac /usr/lib/gcc/avr/4.8.2/../../../../avr/lib/avr51/libc.a(iob.o)
                                        0x48c (size before relaxing)
 .stab          0x00000000000101c4      0x30c /usr/lib/gcc/avr/4.8.2/../../../../avr/lib/avr51/libc.a(printf.o)
                                        0x4ec (size before relaxing)
 .stab          0x00000000000104d0      0x2f4 /usr/lib/gcc/avr/4.8.2/../../../../avr/lib/avr51/libc.a(putchar.o)
                                        0x4d4 (size before relaxing)
 .stab          0x00000000000107c4      0x36c /usr/lib/gcc/avr/4.8.2/../../../../avr/lib/avr51/libc.a(puts.o)
                                        0x54c (size before relaxing)
 .stab          0x0000000000010b30      0x36c /usr/lib/gcc/avr/4.8.2/../../../../avr/lib/avr51/libc.a(sprintf.o)
                                        0x54c (size before relaxing)
 .stab          0x0000000000010e9c      0x480 /usr/lib/gcc/avr/4.8.2/../../../../avr/lib/avr51/libc.a(ultoa_invert.o)
                                        0x48c (size before relaxing)
 .stab          0x000000000001131c       0x90 /usr/lib/gcc/avr/4.8.2/../../../../avr/lib/avr51/libc.a(eerd_byte_atmega128rfa1.o)
                                         0x9c (size before relaxing)
 .stab          0x00000000000113ac       0xe4 /usr/lib/gcc/avr/4.8.2/../../../../avr/lib/avr51/libc.a(eewr_byte_atmega128rfa1.o)
                                         0xf0 (size before relaxing)
 .stab          0x0000000000011490      0x33c /usr/lib/gcc/avr/4.8.2/../../../../avr/lib/avr51/libc.a(calloc.o)
                                        0x378 (size before relaxing)
 .stab          0x00000000000117cc      0x708 /usr/lib/gcc/avr/4.8.2/../../../../avr/lib/avr51/libc.a(malloc.o)
                                        0x8e8 (size before relaxing)
 .stab          0x0000000000011ed4       0x6c /usr/lib/gcc/avr/4.8.2/../../../../avr/lib/avr51/libc.a(memset.o)
                                         0x78 (size before relaxing)

.stabstr        0x0000000000000000     0x8df3
 *(.stabstr)
 .stabstr       0x0000000000000000     0x8df3 /usr/lib/gcc/avr/4.8.2/../../../../avr/lib/avr51/crtm128rfa1.o

.stab.excl
 *(.stab.excl)

.stab.exclstr
 *(.stab.exclstr)

.stab.index
 *(.stab.index)

.stab.indexstr
 *(.stab.indexstr)

.comment        0x0000000000000000       0x22
 *(.comment)
 .comment       0x0000000000000000       0x11 main.o
                                         0x12 (size before relaxing)
 .comment       0x0000000000000000       0x12 ../../../..//src/radio/rf231_soc/source/basic_rf.o
 .comment       0x0000000000000000       0x12 ../../../..//src/platform/firefly3/source/ulib.o
 .comment       0x0000000000000000       0x12 ../../../..//src/platform/firefly3/source/hal_wait.o
 .comment       0x0000000000000000       0x12 ../../../..//src/platform/firefly3/source/nrk_eeprom.o
 .comment       0x0000000000000000       0x12 ../../../..//src/kernel/source/nrk.o
 .comment       0x0000000000000000       0x12 ../../../..//src/kernel/source/nrk_stats.o
 .comment       0x0000000000000000       0x12 ../../../..//src/kernel/source/nrk_error.o
 .comment       0x0000000000000000       0x12 ../../../..//src/kernel/source/nrk_stack_check.o
 .comment       0x0000000000000000       0x12 ../../../..//src/kernel/source/nrk_events.o
 .comment       0x0000000000000000       0x12 ../../../..//src/kernel/source/nrk_task.o
 .comment       0x0000000000000000       0x12 ../../../..//src/kernel/source/nrk_time.o
 .comment       0x0000000000000000       0x12 ../../../..//src/kernel/source/nrk_idle_task.o
 .comment       0x0000000000000000       0x12 ../../../..//src/kernel/source/nrk_scheduler.o
 .comment       0x0000000000000000       0x12 ../../../..//src/kernel/source/nrk_driver.o
 .comment       0x0000000000000000       0x12 ../../../..//src/kernel/source/nrk_reserve.o
 .comment       0x0000000000000000       0x12 ../../../..//src/kernel/source/nrk_sw_wdt.o
 .comment       0x0000000000000000       0x12 ../../../..//src/kernel/hal/atmega128rfa1/nrk_timer.o
 .comment       0x0000000000000000       0x12 ../../../..//src/kernel/hal/atmega128rfa1/nrk_status.o
 .comment       0x0000000000000000       0x12 ../../../..//src/kernel/hal/atmega128rfa1/nrk_ext_int.o
 .comment       0x0000000000000000       0x12 ../../../..//src/kernel/hal/atmega128rfa1/nrk_watchdog.o
 .comment       0x0000000000000000       0x12 ../../../..//src/kernel/hal/atmega128rfa1/nrk_cpu.o
 .comment       0x0000000000000011       0x11 /usr/lib/gcc/avr/4.8.2/../../../../avr/lib/avr51/libprintf_min.a(vfprintf_min.o)
                                         0x12 (size before relaxing)
 .comment       0x0000000000000000       0x12 /usr/lib/gcc/avr/4.8.2/../../../../avr/lib/avr51/libc.a(fdevopen.o)
 .comment       0x0000000000000000       0x12 /usr/lib/gcc/avr/4.8.2/../../../../avr/lib/avr51/libc.a(fputc.o)
 .comment       0x0000000000000000       0x12 /usr/lib/gcc/avr/4.8.2/../../../../avr/lib/avr51/libc.a(iob.o)
 .comment       0x0000000000000000       0x12 /usr/lib/gcc/avr/4.8.2/../../../../avr/lib/avr51/libc.a(printf.o)
 .comment       0x0000000000000000       0x12 /usr/lib/gcc/avr/4.8.2/../../../../avr/lib/avr51/libc.a(putchar.o)
 .comment       0x0000000000000000       0x12 /usr/lib/gcc/avr/4.8.2/../../../../avr/lib/avr51/libc.a(puts.o)
 .comment       0x0000000000000000       0x12 /usr/lib/gcc/avr/4.8.2/../../../../avr/lib/avr51/libc.a(sprintf.o)
 .comment       0x0000000000000000       0x12 /usr/lib/gcc/avr/4.8.2/../../../../avr/lib/avr51/libc.a(calloc.o)
 .comment       0x0000000000000000       0x12 /usr/lib/gcc/avr/4.8.2/../../../../avr/lib/avr51/libc.a(malloc.o)

.debug
 *(.debug)

.line
 *(.line)

.debug_srcinfo
 *(.debug_srcinfo)

.debug_sfnames
 *(.debug_sfnames)

.debug_aranges
 *(.debug_aranges)

.debug_pubnames
 *(.debug_pubnames)

.debug_info
 *(.debug_info)
 *(.gnu.linkonce.wi.*)

.debug_abbrev
 *(.debug_abbrev)

.debug_line
 *(.debug_line)

.debug_frame
 *(.debug_frame)

.debug_str
 *(.debug_str)

.debug_loc
 *(.debug_loc)

.debug_macinfo
 *(.debug_macinfo)

.debug_pubtypes
 *(.debug_pubtypes)

.debug_ranges
 *(.debug_ranges)

.debug_macro
 *(.debug_macro)
OUTPUT(main.elf elf32-avr)
LOAD linker stubs

Cross Reference Table

Symbol                                            File
NRK_ADC_INPUT_0                                   ../../../..//src/platform/firefly3/source/ulib.o
NRK_ADC_INPUT_1                                   ../../../..//src/platform/firefly3/source/ulib.o
NRK_ADC_INPUT_2                                   ../../../..//src/platform/firefly3/source/ulib.o
NRK_ADC_INPUT_3                                   ../../../..//src/platform/firefly3/source/ulib.o
NRK_ADC_INPUT_4                                   ../../../..//src/platform/firefly3/source/ulib.o
NRK_ADC_INPUT_5                                   ../../../..//src/platform/firefly3/source/ulib.o
NRK_ADC_INPUT_6                                   ../../../..//src/platform/firefly3/source/ulib.o
NRK_ADC_INPUT_7                                   ../../../..//src/platform/firefly3/source/ulib.o
NRK_ANT_0                                         ../../../..//src/platform/firefly3/source/ulib.o
NRK_ANT_1                                         ../../../..//src/platform/firefly3/source/ulib.o
NRK_BUTTON                                        ../../../..//src/platform/firefly3/source/ulib.o
NRK_DEBUG_0                                       ../../../..//src/platform/firefly3/source/ulib.o
NRK_DEBUG_1                                       ../../../..//src/platform/firefly3/source/ulib.o
NRK_DEBUG_2                                       ../../../..//src/platform/firefly3/source/ulib.o
NRK_DEBUG_3                                       ../../../..//src/platform/firefly3/source/ulib.o
NRK_LED_0                                         ../../../..//src/platform/firefly3/source/ulib.o
NRK_LED_1                                         ../../../..//src/platform/firefly3/source/ulib.o
NRK_LED_2                                         ../../../..//src/platform/firefly3/source/ulib.o
NRK_LED_3                                         ../../../..//src/platform/firefly3/source/ulib.o
NRK_MISO                                          ../../../..//src/platform/firefly3/source/ulib.o
NRK_MOSI                                          ../../../..//src/platform/firefly3/source/ulib.o
NRK_PORTA_0                                       ../../../..//src/platform/firefly3/source/ulib.o
NRK_PORTA_1                                       ../../../..//src/platform/firefly3/source/ulib.o
NRK_PORTA_2                                       ../../../..//src/platform/firefly3/source/ulib.o
NRK_PORTA_3                                       ../../../..//src/platform/firefly3/source/ulib.o
NRK_PORTA_4                                       ../../../..//src/platform/firefly3/source/ulib.o
NRK_PORTA_5                                       ../../../..//src/platform/firefly3/source/ulib.o
NRK_PORTA_6                                       ../../../..//src/platform/firefly3/source/ulib.o
NRK_PORTA_7                                       ../../../..//src/platform/firefly3/source/ulib.o
NRK_PORTB_0                                       ../../../..//src/platform/firefly3/source/ulib.o
NRK_PORTB_1                                       ../../../..//src/platform/firefly3/source/ulib.o
NRK_PORTB_2                                       ../../../..//src/platform/firefly3/source/ulib.o
NRK_PORTB_3                                       ../../../..//src/platform/firefly3/source/ulib.o
NRK_PORTB_4                                       ../../../..//src/platform/firefly3/source/ulib.o
NRK_PORTB_5                                       ../../../..//src/platform/firefly3/source/ulib.o
NRK_PORTB_6                                       ../../../..//src/platform/firefly3/source/ulib.o
NRK_PORTB_7                                       ../../../..//src/platform/firefly3/source/ulib.o
NRK_PORTC_0                                       ../../../..//src/platform/firefly3/source/ulib.o
NRK_PORTC_1                                       ../../../..//src/platform/firefly3/source/ulib.o
NRK_PORTC_2                                       ../../../..//src/platform/firefly3/source/ulib.o
NRK_PORTC_3                                       ../../../..//src/platform/firefly3/source/ulib.o
NRK_PORTC_4                                       ../../../..//src/platform/firefly3/source/ulib.o
NRK_PORTC_5                                       ../../../..//src/platform/firefly3/source/ulib.o
NRK_PORTC_6                                       ../../../..//src/platform/firefly3/source/ulib.o
NRK_PORTC_7                                       ../../../..//src/platform/firefly3/source/ulib.o
NRK_PORTD_0                                       ../../../..//src/platform/firefly3/source/ulib.o
NRK_PORTD_1                                       ../../../..//src/platform/firefly3/source/ulib.o
NRK_PORTD_2                                       ../../../..//src/platform/firefly3/source/ulib.o
NRK_PORTD_3                                       ../../../..//src/platform/firefly3/source/ulib.o
NRK_PORTD_4                                       ../../../..//src/platform/firefly3/source/ulib.o
NRK_PORTD_5                                       ../../../..//src/platform/firefly3/source/ulib.o
NRK_PORTD_6                                       ../../../..//src/platform/firefly3/source/ulib.o
NRK_PORTD_7                                       ../../../..//src/platform/firefly3/source/ulib.o
NRK_PORTE_0                                       ../../../..//src/platform/firefly3/source/ulib.o
NRK_PORTE_1                                       ../../../..//src/platform/firefly3/source/ulib.o
NRK_PORTE_2                                       ../../../..//src/platform/firefly3/source/ulib.o
NRK_PORTE_3                                       ../../../..//src/platform/firefly3/source/ulib.o
NRK_PORTE_4                                       ../../../..//src/platform/firefly3/source/ulib.o
NRK_PORTE_5                                       ../../../..//src/platform/firefly3/source/ulib.o
NRK_PORTE_6                                       ../../../..//src/platform/firefly3/source/ulib.o
NRK_PORTE_7                                       ../../../..//src/platform/firefly3/source/ulib.o
NRK_PORTF_0                                       ../../../..//src/platform/firefly3/source/ulib.o
NRK_PORTF_1                                       ../../../..//src/platform/firefly3/source/ulib.o
NRK_PORTF_2                                       ../../../..//src/platform/firefly3/source/ulib.o
NRK_PORTF_3                                       ../../../..//src/platform/firefly3/source/ulib.o
NRK_PORTF_4                                       ../../../..//src/platform/firefly3/source/ulib.o
NRK_PORTF_5                                       ../../../..//src/platform/firefly3/source/ulib.o
NRK_PORTF_6                                       ../../../..//src/platform/firefly3/source/ulib.o
NRK_PORTF_7                                       ../../../..//src/platform/firefly3/source/ulib.o
NRK_PORTG_0                                       ../../../..//src/platform/firefly3/source/ulib.o
NRK_PORTG_1                                       ../../../..//src/platform/firefly3/source/ulib.o
NRK_PORTG_2                                       ../../../..//src/platform/firefly3/source/ulib.o
NRK_PORTG_3                                       ../../../..//src/platform/firefly3/source/ulib.o
NRK_PORTG_4                                       ../../../..//src/platform/firefly3/source/ulib.o
NRK_PORTG_5                                       ../../../..//src/platform/firefly3/source/ulib.o
NRK_SCK                                           ../../../..//src/platform/firefly3/source/ulib.o
NRK_SPI_SS                                        ../../../..//src/platform/firefly3/source/ulib.o
NRK_UART0_RXD                                     ../../../..//src/platform/firefly3/source/ulib.o
NRK_UART0_TXD                                     ../../../..//src/platform/firefly3/source/ulib.o
NRK_UART1_RXD                                     ../../../..//src/platform/firefly3/source/ulib.o
NRK_UART1_TXD                                     ../../../..//src/platform/firefly3/source/ulib.o
PORT_INIT                                         ../../../..//src/platform/firefly3/source/ulib.o
SIG_OUTPUT_COMPARE1A                              ../../../..//src/kernel/hal/atmega128rfa1/nrk_timer.o
__adddi3                                          /usr/lib/gcc/avr/4.8.2/avr51/libgcc.a(_adddi3.o)
                                                  ../../../..//src/kernel/source/nrk_time.o
__bad_interrupt                                   /usr/lib/gcc/avr/4.8.2/../../../../avr/lib/avr51/crtm128rfa1.o
__brkval                                          /usr/lib/gcc/avr/4.8.2/../../../../avr/lib/avr51/libc.a(malloc.o)
__bss_end                                         /usr/lib/gcc/avr/4.8.2/avr51/libgcc.a(_clear_bss.o)
__bss_start                                       /usr/lib/gcc/avr/4.8.2/avr51/libgcc.a(_clear_bss.o)
__data_end                                        /usr/lib/gcc/avr/4.8.2/avr51/libgcc.a(_copy_data.o)
__data_load_start                                 /usr/lib/gcc/avr/4.8.2/avr51/libgcc.a(_copy_data.o)
__data_start                                      /usr/lib/gcc/avr/4.8.2/avr51/libgcc.a(_copy_data.o)
__do_clear_bss                                    /usr/lib/gcc/avr/4.8.2/avr51/libgcc.a(_clear_bss.o)
                                                  /usr/lib/gcc/avr/4.8.2/../../../../avr/lib/avr51/libc.a(malloc.o)
                                                  /usr/lib/gcc/avr/4.8.2/../../../../avr/lib/avr51/libc.a(iob.o)
                                                  ../../../..//src/kernel/hal/atmega128rfa1/nrk_cpu.o
                                                  ../../../..//src/kernel/hal/atmega128rfa1/nrk_watchdog.o
                                                  ../../../..//src/kernel/hal/atmega128rfa1/nrk_ext_int.o
                                                  ../../../..//src/kernel/hal/atmega128rfa1/nrk_status.o
                                                  ../../../..//src/kernel/hal/atmega128rfa1/nrk_timer.o
                                                  ../../../..//src/kernel/source/nrk_sw_wdt.o
                                                  ../../../..//src/kernel/source/nrk_scheduler.o
                                                  ../../../..//src/kernel/source/nrk_idle_task.o
                                                  ../../../..//src/kernel/source/nrk_time.o
                                                  ../../../..//src/kernel/source/nrk_task.o
                                                  ../../../..//src/kernel/source/nrk_events.o
                                                  ../../../..//src/kernel/source/nrk_stack_check.o
                                                  ../../../..//src/kernel/source/nrk_error.o
                                                  ../../../..//src/kernel/source/nrk_stats.o
                                                  ../../../..//src/kernel/source/nrk.o
                                                  ../../../..//src/platform/firefly3/source/nrk_eeprom.o
                                                  ../../../..//src/platform/firefly3/source/ulib.o
                                                  ../../../..//src/radio/rf231_soc/source/basic_rf.o
                                                  main.o
__do_copy_data                                    /usr/lib/gcc/avr/4.8.2/avr51/libgcc.a(_copy_data.o)
                                                  /usr/lib/gcc/avr/4.8.2/../../../../avr/lib/avr51/libc.a(malloc.o)
                                                  ../../../..//src/kernel/source/nrk_stack_check.o
                                                  ../../../..//src/kernel/source/nrk_error.o
                                                  ../../../..//src/platform/firefly3/source/ulib.o
                                                  ../../../..//src/radio/rf231_soc/source/basic_rf.o
                                                  main.o
__eerd_byte_m128rfa1                              /usr/lib/gcc/avr/4.8.2/../../../../avr/lib/avr51/libc.a(eerd_byte_atmega128rfa1.o)
                                                  ../../../..//src/platform/firefly3/source/nrk_eeprom.o
__eewr_byte_m128rfa1                              /usr/lib/gcc/avr/4.8.2/../../../../avr/lib/avr51/libc.a(eewr_byte_atmega128rfa1.o)
                                                  ../../../..//src/platform/firefly3/source/nrk_eeprom.o
__eewr_r18_m128rfa1                               /usr/lib/gcc/avr/4.8.2/../../../../avr/lib/avr51/libc.a(eewr_byte_atmega128rfa1.o)
__flp                                             /usr/lib/gcc/avr/4.8.2/../../../../avr/lib/avr51/libc.a(malloc.o)
__heap_end                                        /usr/lib/gcc/avr/4.8.2/../../../../avr/lib/avr51/crtm128rfa1.o
                                                  /usr/lib/gcc/avr/4.8.2/../../../../avr/lib/avr51/libc.a(malloc.o)
__heap_start                                      /usr/lib/gcc/avr/4.8.2/../../../../avr/lib/avr51/libc.a(malloc.o)
__init                                            /usr/lib/gcc/avr/4.8.2/../../../../avr/lib/avr51/crtm128rfa1.o
__iob                                             /usr/lib/gcc/avr/4.8.2/../../../../avr/lib/avr51/libc.a(puts.o)
                                                  /usr/lib/gcc/avr/4.8.2/../../../../avr/lib/avr51/libc.a(putchar.o)
                                                  /usr/lib/gcc/avr/4.8.2/../../../../avr/lib/avr51/libc.a(printf.o)
                                                  /usr/lib/gcc/avr/4.8.2/../../../../avr/lib/avr51/libc.a(iob.o)
                                                  /usr/lib/gcc/avr/4.8.2/../../../../avr/lib/avr51/libc.a(fdevopen.o)
                                                  ../../../..//src/kernel/source/nrk_error.o
                                                  ../../../..//src/platform/firefly3/source/ulib.o
__malloc_heap_end                                 /usr/lib/gcc/avr/4.8.2/../../../../avr/lib/avr51/libc.a(malloc.o)
__malloc_heap_start                               /usr/lib/gcc/avr/4.8.2/../../../../avr/lib/avr51/libc.a(malloc.o)
__malloc_margin                                   /usr/lib/gcc/avr/4.8.2/../../../../avr/lib/avr51/libc.a(malloc.o)
__mulsi3                                          /usr/lib/gcc/avr/4.8.2/avr51/libgcc.a(_mulsi3.o)
                                                  ../../../..//src/kernel/source/nrk_scheduler.o
                                                  ../../../..//src/kernel/source/nrk_time.o
__muluhisi3                                       /usr/lib/gcc/avr/4.8.2/avr51/libgcc.a(_muluhisi3.o)
                                                  /usr/lib/gcc/avr/4.8.2/avr51/libgcc.a(_mulsi3.o)
                                                  ../../../..//src/kernel/source/nrk_scheduler.o
                                                  ../../../..//src/kernel/source/nrk_time.o
                                                  ../../../..//src/radio/rf231_soc/source/basic_rf.o
__stack                                           /usr/lib/gcc/avr/4.8.2/../../../../avr/lib/avr51/crtm128rfa1.o
__tablejump2__                                    /usr/lib/gcc/avr/4.8.2/avr51/libgcc.a(_tablejump.o)
                                                  ../../../..//src/kernel/source/nrk_error.o
                                                  ../../../..//src/platform/firefly3/source/ulib.o
__tablejump__                                     /usr/lib/gcc/avr/4.8.2/avr51/libgcc.a(_tablejump.o)
__udivdi3                                         /usr/lib/gcc/avr/4.8.2/avr51/libgcc.a(_udivdi3.o)
                                                  ../../../..//src/kernel/source/nrk_time.o
__udivdi3_umoddi3                                 /usr/lib/gcc/avr/4.8.2/avr51/libgcc.a(_udivdi3.o)
__udivmod64                                       /usr/lib/gcc/avr/4.8.2/avr51/libgcc.a(_udivmod64.o)
                                                  /usr/lib/gcc/avr/4.8.2/avr51/libgcc.a(_udivdi3.o)
__udivmodsi4                                      /usr/lib/gcc/avr/4.8.2/avr51/libgcc.a(_udivmodsi4.o)
                                                  ../../../..//src/kernel/source/nrk_scheduler.o
                                                  ../../../..//src/kernel/source/nrk_time.o
__ultoa_invert                                    /usr/lib/gcc/avr/4.8.2/../../../../avr/lib/avr51/libc.a(ultoa_invert.o)
                                                  /usr/lib/gcc/avr/4.8.2/../../../../avr/lib/avr51/libprintf_min.a(vfprintf_min.o)
__umoddi3                                         /usr/lib/gcc/avr/4.8.2/avr51/libgcc.a(_udivdi3.o)
__umulhisi3                                       /usr/lib/gcc/avr/4.8.2/avr51/libgcc.a(_umulhisi3.o)
                                                  /usr/lib/gcc/avr/4.8.2/avr51/libgcc.a(_muluhisi3.o)
__vector_1                                        ../../../..//src/kernel/hal/atmega128rfa1/nrk_ext_int.o
                                                  /usr/lib/gcc/avr/4.8.2/../../../../avr/lib/avr51/crtm128rfa1.o
__vector_10                                       /usr/lib/gcc/avr/4.8.2/../../../../avr/lib/avr51/crtm128rfa1.o
__vector_11                                       /usr/lib/gcc/avr/4.8.2/../../../../avr/lib/avr51/crtm128rfa1.o
__vector_12                                       /usr/lib/gcc/avr/4.8.2/../../../../avr/lib/avr51/crtm128rfa1.o
__vector_13                                       ../../../..//src/kernel/hal/atmega128rfa1/nrk_timer.o
                                                  /usr/lib/gcc/avr/4.8.2/../../../../avr/lib/avr51/crtm128rfa1.o
__vector_14                                       /usr/lib/gcc/avr/4.8.2/../../../../avr/lib/avr51/crtm128rfa1.o
__vector_15                                       ../../../..//src/kernel/hal/atmega128rfa1/nrk_timer.o
                                                  /usr/lib/gcc/avr/4.8.2/../../../../avr/lib/avr51/crtm128rfa1.o
__vector_16                                       /usr/lib/gcc/avr/4.8.2/../../../../avr/lib/avr51/crtm128rfa1.o
__vector_17                                       /usr/lib/gcc/avr/4.8.2/../../../../avr/lib/avr51/crtm128rfa1.o
__vector_18                                       /usr/lib/gcc/avr/4.8.2/../../../../avr/lib/avr51/crtm128rfa1.o
__vector_19                                       /usr/lib/gcc/avr/4.8.2/../../../../avr/lib/avr51/crtm128rfa1.o
__vector_2                                        ../../../..//src/kernel/hal/atmega128rfa1/nrk_ext_int.o
                                                  /usr/lib/gcc/avr/4.8.2/../../../../avr/lib/avr51/crtm128rfa1.o
__vector_20                                       /usr/lib/gcc/avr/4.8.2/../../../../avr/lib/avr51/crtm128rfa1.o
__vector_21                                       /usr/lib/gcc/avr/4.8.2/../../../../avr/lib/avr51/crtm128rfa1.o
__vector_22                                       /usr/lib/gcc/avr/4.8.2/../../../../avr/lib/avr51/crtm128rfa1.o
__vector_23                                       /usr/lib/gcc/avr/4.8.2/../../../../avr/lib/avr51/crtm128rfa1.o
__vector_24                                       /usr/lib/gcc/avr/4.8.2/../../../../avr/lib/avr51/crtm128rfa1.o
__vector_25                                       /usr/lib/gcc/avr/4.8.2/../../../../avr/lib/avr51/crtm128rfa1.o
__vector_26                                       /usr/lib/gcc/avr/4.8.2/../../../../avr/lib/avr51/crtm128rfa1.o
__vector_27                                       /usr/lib/gcc/avr/4.8.2/../../../../avr/lib/avr51/crtm128rfa1.o
__vector_28                                       /usr/lib/gcc/avr/4.8.2/../../../../avr/lib/avr51/crtm128rfa1.o
__vector_29                                       /usr/lib/gcc/avr/4.8.2/../../../../avr/lib/avr51/crtm128rfa1.o
__vector_3                                        ../../../..//src/kernel/hal/atmega128rfa1/nrk_ext_int.o
                                                  /usr/lib/gcc/avr/4.8.2/../../../../avr/lib/avr51/crtm128rfa1.o
__vector_30                                       /usr/lib/gcc/avr/4.8.2/../../../../avr/lib/avr51/crtm128rfa1.o
__vector_31                                       /usr/lib/gcc/avr/4.8.2/../../../../avr/lib/avr51/crtm128rfa1.o
__vector_32                                       ../../../..//src/kernel/hal/atmega128rfa1/nrk_timer.o
                                                  /usr/lib/gcc/avr/4.8.2/../../../../avr/lib/avr51/crtm128rfa1.o
__vector_33                                       /usr/lib/gcc/avr/4.8.2/../../../../avr/lib/avr51/crtm128rfa1.o
__vector_34                                       /usr/lib/gcc/avr/4.8.2/../../../../avr/lib/avr51/crtm128rfa1.o
__vector_35                                       /usr/lib/gcc/avr/4.8.2/../../../../avr/lib/avr51/crtm128rfa1.o
__vector_36                                       /usr/lib/gcc/avr/4.8.2/../../../../avr/lib/avr51/crtm128rfa1.o
__vector_37                                       /usr/lib/gcc/avr/4.8.2/../../../../avr/lib/avr51/crtm128rfa1.o
__vector_38                                       /usr/lib/gcc/avr/4.8.2/../../../../avr/lib/avr51/crtm128rfa1.o
__vector_39                                       /usr/lib/gcc/avr/4.8.2/../../../../avr/lib/avr51/crtm128rfa1.o
__vector_4                                        /usr/lib/gcc/avr/4.8.2/../../../../avr/lib/avr51/crtm128rfa1.o
__vector_40                                       /usr/lib/gcc/avr/4.8.2/../../../../avr/lib/avr51/crtm128rfa1.o